 drawer

 Timestamp is 5b2b2982 (Thu Jun 21 11:28:50 2018)

 Preferred load address is 0000000180000000

 Start         Length     Name                   Class
 0001:00000000 00000110H .text$di                CODE
 0001:00000110 0002c530H .text$mn                CODE
 0001:0002c640 00000020H .text$mn$00             CODE
 0001:0002c660 000004d0H .text$x                 CODE
 0001:0002cb30 00000174H .text$yd                CODE
 0002:00000000 00000548H .idata$5                DATA
 0002:00000548 00000010H .00cfg                  DATA
 0002:00000558 00000008H .CRT$XCA                DATA
 0002:00000560 00000038H .CRT$XCC                DATA
 0002:00000598 00000010H .CRT$XCL                DATA
 0002:000005a8 00000008H .CRT$XCU                DATA
 0002:000005b0 00000008H .CRT$XCZ                DATA
 0002:000005b8 00000008H .CRT$XIA                DATA
 0002:000005c0 00000030H .CRT$XIC                DATA
 0002:000005f0 00000008H .CRT$XIZ                DATA
 0002:000005f8 00000008H .CRT$XLA                DATA
 0002:00000600 00000008H .CRT$XLZ                DATA
 0002:00000608 00000008H .CRT$XPA                DATA
 0002:00000610 00000010H .CRT$XPX                DATA
 0002:00000620 00000008H .CRT$XPXA               DATA
 0002:00000628 00000008H .CRT$XPZ                DATA
 0002:00000630 00000008H .CRT$XTA                DATA
 0002:00000638 00000008H .CRT$XTZ                DATA
 0002:00000640 000106d8H .rdata                  DATA
 0002:00010d18 00000028H .rdata$T                DATA
 0002:00010d40 00001064H .rdata$r                DATA
 0002:00011da4 0000043cH .rdata$zzzdbg           DATA
 0002:000121e0 00000008H .rtc$IAA                DATA
 0002:000121e8 00000008H .rtc$IZZ                DATA
 0002:000121f0 00000008H .rtc$TAA                DATA
 0002:000121f8 00000008H .rtc$TZZ                DATA
 0002:00012200 00002490H .xdata                  DATA
 0002:00014690 000002b0H .xdata$x                DATA
 0002:00014940 00000050H .edata                  DATA
 0002:00014990 00000064H .idata$2                DATA
 0002:000149f4 00000014H .idata$3                DATA
 0002:00014a08 00000548H .idata$4                DATA
 0002:00014f50 0000131eH .idata$6                DATA
 0003:00000000 00000b90H .data                   DATA
 0003:00000b90 00000620H .data$r                 DATA
 0003:000011b0 0000193cH .bss                    DATA
 0004:00000000 00002628H .pdata                  DATA
 0005:00000000 000000b8H .gfids$x                DATA
 0005:000000b8 00000238H .gfids$y                DATA
 0006:00000000 00000004H .tls                    DATA
 0006:00000004 00000004H .tls$                   DATA
 0006:00000008 00000001H .tls$ZZZ                DATA
 0007:00000000 00000060H .rsrc$01                DATA
 0007:00000060 00000180H .rsrc$02                DATA

  Address         Publics by Value              Rva+Base               Lib:Object

 0000:00000000       __dynamic_value_reloc_table 0000000000000000     <absolute>
 0000:00000000       __guard_iat_count          0000000000000000     <absolute>
 0000:00000000       __guard_longjmp_table      0000000000000000     <absolute>
 0000:00000000       __guard_iat_table          0000000000000000     <absolute>
 0000:00000000       __guard_longjmp_count      0000000000000000     <absolute>
 0000:00000000       __guard_fids_count         0000000000000000     <absolute>
 0000:00000000       ___safe_se_handler_table   0000000000000000     <absolute>
 0000:00000000       ___safe_se_handler_count   0000000000000000     <absolute>
 0000:00000000       __guard_fids_table         0000000000000000     <absolute>
 0000:00000100       __guard_flags              0000000000000100     <absolute>
 0000:00000000       __ImageBase                0000000180000000     <linker-defined>
 0001:00000110       __local_stdio_printf_options 0000000180001110 f i drawer.obj
 0001:00000120       printf                     0000000180001120 f i drawer.obj
 0001:00000180       sprintf_s                  0000000180001180 f i drawer.obj
 0001:000001e0       ?what@exception@stdext@@UEBAPEBDXZ 00000001800011e0 f i drawer.obj
 0001:00000200       ?_Lock@?$basic_streambuf@DU?$char_traits@D@std@@@std@@UEAAXXZ 0000000180001200 f i libcpmt:cout.obj
 0001:00000200       ?imbue@?$basic_streambuf@DU?$char_traits@D@std@@@std@@MEAAXAEBVlocale@2@@Z 0000000180001200 f i libcpmt:cout.obj
 0001:00000200       _guard_check_icall_nop     0000000180001200 f i LIBCMT:guard_support.obj
 0001:00000200       ?_Doraise@exception@stdext@@MEBAXXZ 0000000180001200 f i drawer.obj
 0001:00000200       __except_validate_context_record 0000000180001200 f i libvcruntime:jbcxrval.obj
 0001:00000200       ?_Unlock@?$basic_streambuf@DU?$char_traits@D@std@@@std@@UEAAXXZ 0000000180001200 f i libcpmt:cout.obj
 0001:00000210       ??_Eruntime_error@std@@UEAAPEAXI@Z 0000000180001210 f i * CIL library *:* CIL module *
 0001:00000210       ??_Gexception@stdext@@UEAAPEAXI@Z 0000000180001210 f i drawer.obj
 0001:00000210       ??_Eexception@stdext@@UEAAPEAXI@Z 0000000180001210 f i * CIL library *:* CIL module *
 0001:00000210       ??_Gruntime_error@std@@UEAAPEAXI@Z 0000000180001210 f i drawer.obj
 0001:00000240       ?_Deallocate@std@@YAXPEAX_K1@Z 0000000180001240 f i drawer.obj
 0001:000002b0       ??0_Locinfo@std@@QEAA@PEBD@Z 00000001800012b0 f i drawer.obj
 0001:00000370       ??1_Locinfo@std@@QEAA@XZ   0000000180001370 f i drawer.obj
 0001:00000410       ??_G_Facet_base@std@@UEAAPEAXI@Z 0000000180001410 f i drawer.obj
 0001:00000410       ??_E_Facet_base@std@@UEAAPEAXI@Z 0000000180001410 f i * CIL library *:* CIL module *
 0001:00000440       ?_Incref@facet@locale@std@@UEAAXXZ 0000000180001440 f i drawer.obj
 0001:00000450       ?_Decref@facet@locale@std@@UEAAPEAV_Facet_base@3@XZ 0000000180001450 f i drawer.obj
 0001:00000460       ?_Getcat@?$ctype@D@std@@SA_KPEAPEBVfacet@locale@2@PEBV42@@Z 0000000180001460 f i drawer.obj
 0001:00000520       ?do_tolower@?$ctype@D@std@@MEBADD@Z 0000000180001520 f i drawer.obj
 0001:00000530       ?do_tolower@?$ctype@D@std@@MEBAPEBDPEADPEBD@Z 0000000180001530 f i drawer.obj
 0001:00000590       ?do_toupper@?$ctype@D@std@@MEBADD@Z 0000000180001590 f i drawer.obj
 0001:000005a0       ?do_toupper@?$ctype@D@std@@MEBAPEBDPEADPEBD@Z 00000001800015a0 f i drawer.obj
 0001:00000600       ?do_widen@?$ctype@D@std@@MEBADD@Z 0000000180001600 f i drawer.obj
 0001:00000600       ?do_narrow@?$ctype@D@std@@MEBADDD@Z 0000000180001600 f i drawer.obj
 0001:00000610       ?do_widen@?$ctype@D@std@@MEBAPEBDPEBD0PEAD@Z 0000000180001610 f i drawer.obj
 0001:00000630       ?do_narrow@?$ctype@D@std@@MEBAPEBDPEBD0DPEAD@Z 0000000180001630 f i drawer.obj
 0001:00000650       ??_G?$ctype@D@std@@MEAAPEAXI@Z 0000000180001650 f i drawer.obj
 0001:00000650       ??_E?$ctype@D@std@@MEAAPEAXI@Z 0000000180001650 f i * CIL library *:* CIL module *
 0001:000006c0       ??_E_Iostream_error_category@std@@UEAAPEAXI@Z 00000001800016c0 f i * CIL library *:* CIL module *
 0001:000006c0       ??_Gerror_category@std@@UEAAPEAXI@Z 00000001800016c0 f i drawer.obj
 0001:000006c0       ??_G_Iostream_error_category@std@@UEAAPEAXI@Z 00000001800016c0 f i drawer.obj
 0001:000006c0       ??_Eerror_category@std@@UEAAPEAXI@Z 00000001800016c0 f i * CIL library *:* CIL module *
 0001:000006f0       ?default_error_condition@error_category@std@@UEBA?AVerror_condition@2@H@Z 00000001800016f0 f i drawer.obj
 0001:00000700       ?equivalent@error_category@std@@UEBA_NHAEBVerror_condition@2@@Z 0000000180001700 f i drawer.obj
 0001:00000760       ?equivalent@error_category@std@@UEBA_NAEBVerror_code@2@H@Z 0000000180001760 f i drawer.obj
 0001:00000780       ??0_System_error@std@@IEAA@Verror_code@1@AEBV?$basic_string@DU?$char_traits@D@std@@V?$allocator@D@2@@1@@Z 0000000180001780 f i drawer.obj
 0001:000009a0       ??_E_System_error@std@@UEAAPEAXI@Z 00000001800019a0 f i * CIL library *:* CIL module *
 0001:000009a0       ??_Efailure@ios_base@std@@UEAAPEAXI@Z 00000001800019a0 f i * CIL library *:* CIL module *
 0001:000009a0       ??_Gfailure@ios_base@std@@UEAAPEAXI@Z 00000001800019a0 f i drawer.obj
 0001:000009a0       ??_G_System_error@std@@UEAAPEAXI@Z 00000001800019a0 f i drawer.obj
 0001:000009d0       ?name@_Iostream_error_category@std@@UEBAPEBDXZ 00000001800019d0 f i drawer.obj
 0001:000009e0       ?message@_Iostream_error_category@std@@UEBA?AV?$basic_string@DU?$char_traits@D@std@@V?$allocator@D@2@@2@H@Z 00000001800019e0 f i drawer.obj
 0001:00000a60       ?clear@ios_base@std@@QEAAXH_N@Z 0000000180001a60 f i drawer.obj
 0001:00000eb0       ?New@?$Factory@VFunctionTemplate@v8@@@imp@Nan@@SA?AV?$Local@VFunctionTemplate@v8@@@v8@@P6AXAEBV?$FunctionCallbackInfo@VValue@v8@@@3@@ZV?$Local@VValue@v8@@@5@V?$Local@VSignature@v8@@@5@@Z 0000000180001eb0 f i drawer.obj
 0001:00001090       ?ThrowTypeError@Nan@@YAXPEBD@Z 0000000180002090 f i drawer.obj
 0001:00001130       ?createWindow@@YAXAEBV?$FunctionCallbackInfo@VValue@v8@@@Nan@@@Z 0000000180002130 f   drawer.obj
 0001:00001310       ?disposeWindow@@YAXAEBV?$FunctionCallbackInfo@VValue@v8@@@Nan@@@Z 0000000180002310 f   drawer.obj
 0001:000014c0       ?getDc@@YAXAEBV?$FunctionCallbackInfo@VValue@v8@@@Nan@@@Z 00000001800024c0 f   drawer.obj
 0001:00001680       ?releaseDc@@YAXAEBV?$FunctionCallbackInfo@VValue@v8@@@Nan@@@Z 0000000180002680 f   drawer.obj
 0001:00001890       ?measureText@@YAXAEBV?$FunctionCallbackInfo@VValue@v8@@@Nan@@@Z 0000000180002890 f   drawer.obj
 0001:00001c10       ?createFont@@YAXAEBV?$FunctionCallbackInfo@VValue@v8@@@Nan@@@Z 0000000180002c10 f   drawer.obj
 0001:00001fc0       ?deleteObject@@YAXAEBV?$FunctionCallbackInfo@VValue@v8@@@Nan@@@Z 0000000180002fc0 f   drawer.obj
 0001:000020d0       ?getDpiOfHdc@@YAXAEBV?$FunctionCallbackInfo@VValue@v8@@@Nan@@@Z 00000001800030d0 f   drawer.obj
 0001:00002410       ?printerDialog@@YAXAEBV?$FunctionCallbackInfo@VValue@v8@@@Nan@@@Z 0000000180003410 f   drawer.obj
 0001:00002880       ?parseDevmode@@YAXAEBV?$FunctionCallbackInfo@VValue@v8@@@Nan@@@Z 0000000180003880 f   drawer.obj
 0001:00002e00       ?parseDevnames@@YAXAEBV?$FunctionCallbackInfo@VValue@v8@@@Nan@@@Z 0000000180003e00 f   drawer.obj
 0001:00003110       ?createDc@@YAXAEBV?$FunctionCallbackInfo@VValue@v8@@@Nan@@@Z 0000000180004110 f   drawer.obj
 0001:00003370       ?LPCWSTR_to_char@@YAPEADPEB_W@Z 0000000180004370 f   drawer.obj
 0001:00003400       ?createDcWithoutDialog@@YAXAEBV?$FunctionCallbackInfo@VValue@v8@@@Nan@@@Z 0000000180004400 f   drawer.obj
 0001:00003990       ?deleteDc@@YAXAEBV?$FunctionCallbackInfo@VValue@v8@@@Nan@@@Z 0000000180004990 f   drawer.obj
 0001:00003aa0       ?beginPrint@@YAXAEBV?$FunctionCallbackInfo@VValue@v8@@@Nan@@@Z 0000000180004aa0 f   drawer.obj
 0001:00003c60       ?endPrint@@YAXAEBV?$FunctionCallbackInfo@VValue@v8@@@Nan@@@Z 0000000180004c60 f   drawer.obj
 0001:00003d90       ?abortPrint@@YAXAEBV?$FunctionCallbackInfo@VValue@v8@@@Nan@@@Z 0000000180004d90 f   drawer.obj
 0001:00003ec0       ?startPage@@YAXAEBV?$FunctionCallbackInfo@VValue@v8@@@Nan@@@Z 0000000180004ec0 f   drawer.obj
 0001:00003ff0       ?endPage@@YAXAEBV?$FunctionCallbackInfo@VValue@v8@@@Nan@@@Z 0000000180004ff0 f   drawer.obj
 0001:00004120       ?moveTo@@YAXAEBV?$FunctionCallbackInfo@VValue@v8@@@Nan@@@Z 0000000180005120 f   drawer.obj
 0001:00004320       ?lineTo@@YAXAEBV?$FunctionCallbackInfo@VValue@v8@@@Nan@@@Z 0000000180005320 f   drawer.obj
 0001:00004520       ?printImageFromBytes@@YAXAEBV?$FunctionCallbackInfo@VValue@v8@@@Nan@@@Z 0000000180005520 f   drawer.obj
 0001:00004950       ?printImage@@YAXAEBV?$FunctionCallbackInfo@VValue@v8@@@Nan@@@Z 0000000180005950 f   drawer.obj
 0001:00004c50       ?textOut@@YAXAEBV?$FunctionCallbackInfo@VValue@v8@@@Nan@@@Z 0000000180005c50 f   drawer.obj
 0001:00004f10       ?selectObject@@YAXAEBV?$FunctionCallbackInfo@VValue@v8@@@Nan@@@Z 0000000180005f10 f   drawer.obj
 0001:000050a0       ?setTextColor@@YAXAEBV?$FunctionCallbackInfo@VValue@v8@@@Nan@@@Z 00000001800060a0 f   drawer.obj
 0001:00005320       ?createPen@@YAXAEBV?$FunctionCallbackInfo@VValue@v8@@@Nan@@@Z 0000000180006320 f   drawer.obj
 0001:00005590       ?setBkMode@@YAXAEBV?$FunctionCallbackInfo@VValue@v8@@@Nan@@@Z 0000000180006590 f   drawer.obj
 0001:00005720       ?Init@@YAXV?$Local@VObject@v8@@@v8@@@Z 0000000180006720 f   drawer.obj
 0001:000066f0       ??1?$basic_string@DU?$char_traits@D@std@@V?$allocator@D@2@@std@@QEAA@XZ 00000001800076f0 f i drawer.obj
 0001:00006780       ??6?$basic_ostream@DU?$char_traits@D@std@@@std@@QEAAAEAV01@H@Z 0000000180007780 f i drawer.obj
 0001:00006940       ??0sentry@?$basic_ostream@DU?$char_traits@D@std@@@std@@QEAA@AEAV12@@Z 0000000180007940 f i drawer.obj
 0001:000069b0       ?do_put@?$num_put@DV?$ostreambuf_iterator@DU?$char_traits@D@std@@@std@@@std@@MEBA?AV?$ostreambuf_iterator@DU?$char_traits@D@std@@@2@V32@AEAVios_base@2@DPEBX@Z 00000001800079b0 f i drawer.obj
 0001:00006a50       ?do_put@?$num_put@DV?$ostreambuf_iterator@DU?$char_traits@D@std@@@std@@@std@@MEBA?AV?$ostreambuf_iterator@DU?$char_traits@D@std@@@2@V32@AEAVios_base@2@DO@Z 0000000180007a50 f i drawer.obj
 0001:00006cc0       ?do_put@?$num_put@DV?$ostreambuf_iterator@DU?$char_traits@D@std@@@std@@@std@@MEBA?AV?$ostreambuf_iterator@DU?$char_traits@D@std@@@2@V32@AEAVios_base@2@DN@Z 0000000180007cc0 f i drawer.obj
 0001:00006f30       ?do_put@?$num_put@DV?$ostreambuf_iterator@DU?$char_traits@D@std@@@std@@@std@@MEBA?AV?$ostreambuf_iterator@DU?$char_traits@D@std@@@2@V32@AEAVios_base@2@D_K@Z 0000000180007f30 f i drawer.obj
 0001:00007030       ?do_put@?$num_put@DV?$ostreambuf_iterator@DU?$char_traits@D@std@@@std@@@std@@MEBA?AV?$ostreambuf_iterator@DU?$char_traits@D@std@@@2@V32@AEAVios_base@2@D_J@Z 0000000180008030 f i drawer.obj
 0001:00007130       ?do_put@?$num_put@DV?$ostreambuf_iterator@DU?$char_traits@D@std@@@std@@@std@@MEBA?AV?$ostreambuf_iterator@DU?$char_traits@D@std@@@2@V32@AEAVios_base@2@DK@Z 0000000180008130 f i drawer.obj
 0001:00007230       ?do_put@?$num_put@DV?$ostreambuf_iterator@DU?$char_traits@D@std@@@std@@@std@@MEBA?AV?$ostreambuf_iterator@DU?$char_traits@D@std@@@2@V32@AEAVios_base@2@DJ@Z 0000000180008230 f i drawer.obj
 0001:00007330       ?do_put@?$num_put@DV?$ostreambuf_iterator@DU?$char_traits@D@std@@@std@@@std@@MEBA?AV?$ostreambuf_iterator@DU?$char_traits@D@std@@@2@V32@AEAVios_base@2@D_N@Z 0000000180008330 f i drawer.obj
 0001:000078e0       ?assign@?$basic_string@DU?$char_traits@D@std@@V?$allocator@D@2@@std@@QEAAAEAV12@_KD@Z 00000001800088e0 f i drawer.obj
 0001:000079e0       ?assign@?$basic_string@DU?$char_traits@D@std@@V?$allocator@D@2@@std@@QEAAAEAV12@PEBD_K@Z 00000001800089e0 f i drawer.obj
 0001:00007b10       ?assign@?$basic_string@DU?$char_traits@D@std@@V?$allocator@D@2@@std@@QEAAAEAV12@AEBV12@_K1@Z 0000000180008b10 f i drawer.obj
 0001:00007c40       ?append@?$basic_string@DU?$char_traits@D@std@@V?$allocator@D@2@@std@@QEAAAEAV12@PEBD_K@Z 0000000180008c40 f i drawer.obj
 0001:00007d90       ?append@?$basic_string@DU?$char_traits@D@std@@V?$allocator@D@2@@std@@QEAAAEAV12@AEBV12@_K1@Z 0000000180008d90 f i drawer.obj
 0001:00007ec0       ?_Assign_rv@?$basic_string@DU?$char_traits@D@std@@V?$allocator@D@2@@std@@QEAAX$$QEAV12@@Z 0000000180008ec0 f i drawer.obj
 0001:00007f40       ??_G?$codecvt@DDU_Mbstatet@@@std@@MEAAPEAXI@Z 0000000180008f40 f i libcpmt:cout.obj
 0001:00007f40       ??_E?$codecvt@DDU_Mbstatet@@@std@@MEAAPEAXI@Z 0000000180008f40 f i libcpmt:cout.obj
 0001:00007f40       ??_E?$num_put@DV?$ostreambuf_iterator@DU?$char_traits@D@std@@@std@@@std@@MEAAPEAXI@Z 0000000180008f40 f i * CIL library *:* CIL module *
 0001:00007f40       ??_G?$num_put@DV?$ostreambuf_iterator@DU?$char_traits@D@std@@@std@@@std@@MEAAPEAXI@Z 0000000180008f40 f i drawer.obj
 0001:00007f70       ?do_truename@?$numpunct@D@std@@MEBA?AV?$basic_string@DU?$char_traits@D@std@@V?$allocator@D@2@@2@XZ 0000000180008f70 f i drawer.obj
 0001:00007fc0       ?do_falsename@?$numpunct@D@std@@MEBA?AV?$basic_string@DU?$char_traits@D@std@@V?$allocator@D@2@@2@XZ 0000000180008fc0 f i drawer.obj
 0001:00008010       ?do_grouping@?$numpunct@D@std@@MEBA?AV?$basic_string@DU?$char_traits@D@std@@V?$allocator@D@2@@2@XZ 0000000180009010 f i drawer.obj
 0001:00008060       ?do_thousands_sep@?$numpunct@D@std@@MEBADXZ 0000000180009060 f i drawer.obj
 0001:00008070       ?do_decimal_point@?$numpunct@D@std@@MEBADXZ 0000000180009070 f i drawer.obj
 0001:00008080       ?_Iput@?$num_put@DV?$ostreambuf_iterator@DU?$char_traits@D@std@@@std@@@std@@AEBA?AV?$ostreambuf_iterator@DU?$char_traits@D@std@@@2@V32@AEAVios_base@2@DPEAD_K@Z 0000000180009080 f i drawer.obj
 0001:00008860       ?_Fput@?$num_put@DV?$ostreambuf_iterator@DU?$char_traits@D@std@@@std@@@std@@AEBA?AV?$ostreambuf_iterator@DU?$char_traits@D@std@@@2@V32@AEAVios_base@2@DPEBD_K@Z 0000000180009860 f i drawer.obj
 0001:000090c0       ?erase@?$basic_string@DU?$char_traits@D@std@@V?$allocator@D@2@@std@@QEAAAEAV12@_K0@Z 000000018000a0c0 f i drawer.obj
 0001:00009190       ?append@?$basic_string@DU?$char_traits@D@std@@V?$allocator@D@2@@std@@QEAAAEAV12@_KD@Z 000000018000a190 f i drawer.obj
 0001:000092a0       ?flush@?$basic_ostream@DU?$char_traits@D@std@@@std@@QEAAAEAV12@XZ 000000018000a2a0 f i drawer.obj
 0001:00009390       ??_G?$numpunct@D@std@@MEAAPEAXI@Z 000000018000a390 f i drawer.obj
 0001:00009390       ??_E?$numpunct@D@std@@MEAAPEAXI@Z 000000018000a390 f i * CIL library *:* CIL module *
 0001:000093f0       ?_Copy@?$basic_string@DU?$char_traits@D@std@@V?$allocator@D@2@@std@@QEAAX_K0@Z 000000018000a3f0 f i drawer.obj
 0001:00009570       ??$use_facet@V?$ctype@D@std@@@std@@YAAEBV?$ctype@D@0@AEBVlocale@0@@Z 000000018000a570 f i drawer.obj
 0001:000096a0       ??$_Immortalize@V_Iostream_error_category@std@@@std@@YAAEAV_Iostream_error_category@0@XZ 000000018000a6a0 f i drawer.obj
 0001:00009720       ??$_Integral_to_string@DH@std@@YA?AV?$basic_string@DU?$char_traits@D@std@@V?$allocator@D@2@@0@H@Z 000000018000a720 f i drawer.obj
 0001:00009800       ??$?6U?$char_traits@D@std@@@std@@YAAEAV?$basic_ostream@DU?$char_traits@D@std@@@0@AEAV10@PEBD@Z 000000018000a800 f i drawer.obj
 0001:00009a90       ??$use_facet@V?$num_put@DV?$ostreambuf_iterator@DU?$char_traits@D@std@@@std@@@std@@@std@@YAAEBV?$num_put@DV?$ostreambuf_iterator@DU?$char_traits@D@std@@@std@@@0@AEBVlocale@0@@Z 000000018000aa90 f i drawer.obj
 0001:00009c10       ??$use_facet@V?$numpunct@D@std@@@std@@YAAEBV?$numpunct@D@0@AEBVlocale@0@@Z 000000018000ac10 f i drawer.obj
 0001:00009d40       ?_Getcat@?$numpunct@D@std@@SA_KPEAPEBVfacet@locale@2@PEBV42@@Z 000000018000ad40 f i drawer.obj
 0001:00009e00       ?put@?$basic_ostream@DU?$char_traits@D@std@@@std@@QEAAAEAV12@D@Z 000000018000ae00 f i drawer.obj
 0001:00009f50       ?widen@?$basic_ios@DU?$char_traits@D@std@@@std@@QEBADD@Z 000000018000af50 f i drawer.obj
 0001:00009ff0       ?_Init@?$numpunct@D@std@@IEAAXAEBV_Locinfo@2@_N@Z 000000018000aff0 f i drawer.obj
 0001:0000a164       ??0_Init_locks@std@@QEAA@XZ 000000018000b164 f   libcpmt:xlock.obj
 0001:0000a1b0       ??0_Lockit@std@@QEAA@H@Z   000000018000b1b0 f   libcpmt:xlock.obj
 0001:0000a1ec       ??1_Init_locks@std@@QEAA@XZ 000000018000b1ec f   libcpmt:xlock.obj
 0001:0000a230       ??1_Lockit@std@@QEAA@XZ    000000018000b230 f   libcpmt:xlock.obj
 0001:0000a264       ??$use_facet@V?$codecvt@DDU_Mbstatet@@@std@@@std@@YAAEBV?$codecvt@DDU_Mbstatet@@@0@AEBVlocale@0@@Z 000000018000b264 f i libcpmt:cout.obj
 0001:0000a39c       ??0?$basic_ostream@DU?$char_traits@D@std@@@std@@QEAA@PEAV?$basic_streambuf@DU?$char_traits@D@std@@@1@_N@Z 000000018000b39c f i libcpmt:cout.obj
 0001:0000a464       ??0?$basic_streambuf@DU?$char_traits@D@std@@@std@@IEAA@XZ 000000018000b464 f i libcpmt:cout.obj
 0001:0000a514       ??0_Init_cout@std@@QEAA@XZ 000000018000b514 f i libcpmt:cout.obj
 0001:0000a580       ??0bad_cast@std@@QEAA@AEBV01@@Z 000000018000b580 f i libcpmt:cout.obj
 0001:0000a5c0       ??0bad_cast@std@@QEAA@XZ   000000018000b5c0 f i libcpmt:cout.obj
 0001:0000a5e0       ??0exception@std@@QEAA@AEBV01@@Z 000000018000b5e0 f i libcpmt:cout.obj
 0001:0000a618       ??1?$basic_filebuf@DU?$char_traits@D@std@@@std@@UEAA@XZ 000000018000b618 f i libcpmt:cout.obj
 0001:0000a6c4       ??1?$basic_ios@DU?$char_traits@D@std@@@std@@UEAA@XZ 000000018000b6c4 f i libcpmt:cout.obj
 0001:0000a6e8       ??1bad_array_new_length@std@@UEAA@XZ 000000018000b6e8 f i LIBCMT:throw_bad_alloc.obj
 0001:0000a6e8       ??1bad_alloc@std@@UEAA@XZ  000000018000b6e8 f i libcpmt:xthrow.obj
 0001:0000a6e8       ??1length_error@std@@UEAA@XZ 000000018000b6e8 f i libcpmt:xthrow.obj
 0001:0000a6e8       ??1bad_exception@std@@UEAA@XZ 000000018000b6e8 f i libvcruntime:frame.obj
 0001:0000a6e8       ??1out_of_range@std@@UEAA@XZ 000000018000b6e8 f i libcpmt:xthrow.obj
 0001:0000a6e8       ??1bad_cast@std@@UEAA@XZ   000000018000b6e8 f i libcpmt:cout.obj
 0001:0000a6fc       ??_E?$basic_ostream@DU?$char_traits@D@std@@@std@@$4PPPPPPPM@A@EAAPEAXI@Z 000000018000b6fc f i libcpmt:cout.obj
 0001:0000a708       ??_E?$basic_filebuf@DU?$char_traits@D@std@@@std@@UEAAPEAXI@Z 000000018000b708 f i libcpmt:cout.obj
 0001:0000a708       ??_G?$basic_filebuf@DU?$char_traits@D@std@@@std@@UEAAPEAXI@Z 000000018000b708 f i libcpmt:cout.obj
 0001:0000a73c       ??_G?$basic_ios@DU?$char_traits@D@std@@@std@@UEAAPEAXI@Z 000000018000b73c f i libcpmt:cout.obj
 0001:0000a73c       ??_E?$basic_ios@DU?$char_traits@D@std@@@std@@UEAAPEAXI@Z 000000018000b73c f i libcpmt:cout.obj
 0001:0000a788       ??_G?$basic_ostream@DU?$char_traits@D@std@@@std@@UEAAPEAXI@Z 000000018000b788 f i libcpmt:cout.obj
 0001:0000a788       ??_E?$basic_ostream@DU?$char_traits@D@std@@@std@@UEAAPEAXI@Z 000000018000b788 f i libcpmt:cout.obj
 0001:0000a7f8       ??_G?$basic_streambuf@DU?$char_traits@D@std@@@std@@UEAAPEAXI@Z 000000018000b7f8 f i libcpmt:cout.obj
 0001:0000a7f8       ??_E?$basic_streambuf@DU?$char_traits@D@std@@@std@@UEAAPEAXI@Z 000000018000b7f8 f i libcpmt:cout.obj
 0001:0000a848       ??_Eios_base@std@@UEAAPEAXI@Z 000000018000b848 f i libcpmt:cout.obj
 0001:0000a848       ??_Gios_base@std@@UEAAPEAXI@Z 000000018000b848 f i libcpmt:cout.obj
 0001:0000a894       ??_Glocale@std@@QEAAPEAXI@Z 000000018000b894 f i libcpmt:cout.obj
 0001:0000a924       ?_Endwrite@?$basic_filebuf@DU?$char_traits@D@std@@@std@@IEAA_NXZ 000000018000b924 f i libcpmt:cout.obj
 0001:0000aad8       ?_Getcat@?$codecvt@DDU_Mbstatet@@@std@@SA_KPEAPEBVfacet@locale@2@PEBV42@@Z 000000018000bad8 f i libcpmt:cout.obj
 0001:0000ab9c       ?_Init@?$basic_filebuf@DU?$char_traits@D@std@@@std@@IEAAXPEAU_iobuf@@W4_Initfl@12@@Z 000000018000bb9c f i libcpmt:cout.obj
 0001:0000ac88       ?_Init@ios_base@std@@IEAAXXZ 000000018000bc88 f i libcpmt:cout.obj
 0001:0000ad08       ?_Initcvt@?$basic_filebuf@DU?$char_traits@D@std@@@std@@IEAAXPEBV?$codecvt@DDU_Mbstatet@@@2@@Z 000000018000bd08 f i libcpmt:cout.obj
 0001:0000ada8       ?_Lock@?$basic_filebuf@DU?$char_traits@D@std@@@std@@UEAAXXZ 000000018000bda8 f i libcpmt:cout.obj
 0001:0000adc4       ?_Unlock@?$basic_filebuf@DU?$char_traits@D@std@@@std@@UEAAXXZ 000000018000bdc4 f i libcpmt:cout.obj
 0001:0000ade0       _get_startup_argv_mode     000000018000bde0 f i LIBCMT:argv_mode.obj
 0001:0000ade0       ?do_max_length@codecvt_base@std@@MEBAHXZ 000000018000bde0 f i libcpmt:cout.obj
 0001:0000ade0       ?do_encoding@codecvt_base@std@@MEBAHXZ 000000018000bde0 f i libcpmt:cout.obj
 0001:0000ade0       DllMain                    000000018000bde0 f i LIBCMT:dll_dllmain_stub.obj
 0001:0000ade8       ?do_length@?$codecvt@DDU_Mbstatet@@@std@@MEBAHAEAU_Mbstatet@@PEBD1_K@Z 000000018000bde8 f i libcpmt:cout.obj
 0001:0000adfc       ?do_in@?$codecvt@DDU_Mbstatet@@@std@@MEBAHAEAU_Mbstatet@@PEBD1AEAPEBDPEAD3AEAPEAD@Z 000000018000bdfc f i libcpmt:cout.obj
 0001:0000adfc       ?do_out@?$codecvt@DDU_Mbstatet@@@std@@MEBAHAEAU_Mbstatet@@PEBD1AEAPEBDPEAD3AEAPEAD@Z 000000018000bdfc f i libcpmt:cout.obj
 0001:0000ae18       ?do_unshift@?$codecvt@DDU_Mbstatet@@@std@@MEBAHAEAU_Mbstatet@@PEAD1AEAPEAD@Z 000000018000be18 f i libcpmt:cout.obj
 0001:0000ae24       ?imbue@?$basic_filebuf@DU?$char_traits@D@std@@@std@@MEAAXAEBVlocale@2@@Z 000000018000be24 f i libcpmt:cout.obj
 0001:0000ae48       ?overflow@?$basic_filebuf@DU?$char_traits@D@std@@@std@@MEAAHH@Z 000000018000be48 f i libcpmt:cout.obj
 0001:0000b0a8       ?pbackfail@?$basic_filebuf@DU?$char_traits@D@std@@@std@@MEAAHH@Z 000000018000c0a8 f i libcpmt:cout.obj
 0001:0000b178       ?seekoff@?$basic_filebuf@DU?$char_traits@D@std@@@std@@MEAA?AV?$fpos@U_Mbstatet@@@2@_JHH@Z 000000018000c178 f i libcpmt:cout.obj
 0001:0000b264       ?seekoff@?$basic_streambuf@DU?$char_traits@D@std@@@std@@MEAA?AV?$fpos@U_Mbstatet@@@2@_JHH@Z 000000018000c264 f i libcpmt:cout.obj
 0001:0000b264       ?seekpos@?$basic_streambuf@DU?$char_traits@D@std@@@std@@MEAA?AV?$fpos@U_Mbstatet@@@2@V32@H@Z 000000018000c264 f i libcpmt:cout.obj
 0001:0000b280       ?seekpos@?$basic_filebuf@DU?$char_traits@D@std@@@std@@MEAA?AV?$fpos@U_Mbstatet@@@2@V32@H@Z 000000018000c280 f i libcpmt:cout.obj
 0001:0000b380       ?setbuf@?$basic_filebuf@DU?$char_traits@D@std@@@std@@MEAAPEAV?$basic_streambuf@DU?$char_traits@D@std@@@2@PEAD_J@Z 000000018000c380 f i libcpmt:cout.obj
 0001:0000b3d4       ?setbuf@?$basic_streambuf@DU?$char_traits@D@std@@@std@@MEAAPEAV12@PEAD_J@Z 000000018000c3d4 f i libcpmt:cout.obj
 0001:0000b3d8       ?sync@?$basic_filebuf@DU?$char_traits@D@std@@@std@@MEAAHXZ 000000018000c3d8 f i libcpmt:cout.obj
 0001:0000b438       ?uflow@?$basic_filebuf@DU?$char_traits@D@std@@@std@@MEAAHXZ 000000018000c438 f i libcpmt:cout.obj
 0001:0000b6d0       ?uflow@?$basic_streambuf@DU?$char_traits@D@std@@@std@@MEAAHXZ 000000018000c6d0 f i libcpmt:cout.obj
 0001:0000b71c       ?underflow@?$basic_filebuf@DU?$char_traits@D@std@@@std@@MEAAHXZ 000000018000c71c f i libcpmt:cout.obj
 0001:0000b794       ?underflow@?$basic_streambuf@DU?$char_traits@D@std@@@std@@MEAAHXZ 000000018000c794 f i libcpmt:cout.obj
 0001:0000b794       ?pbackfail@?$basic_streambuf@DU?$char_traits@D@std@@@std@@MEAAHH@Z 000000018000c794 f i libcpmt:cout.obj
 0001:0000b794       ?overflow@?$basic_streambuf@DU?$char_traits@D@std@@@std@@MEAAHH@Z 000000018000c794 f i libcpmt:cout.obj
 0001:0000b798       ?what@exception@std@@UEBAPEBDXZ 000000018000c798 f i libcpmt:cout.obj
 0001:0000b7ac       ?xsgetn@?$basic_streambuf@DU?$char_traits@D@std@@@std@@MEAA_JPEAD_J@Z 000000018000c7ac f i libcpmt:cout.obj
 0001:0000b86c       ?xsputn@?$basic_streambuf@DU?$char_traits@D@std@@@std@@MEAA_JPEBD_J@Z 000000018000c86c f i libcpmt:cout.obj
 0001:0000b930       ??4?$_Yarn@D@std@@QEAAAEAV01@PEBD@Z 000000018000c930 f i libcpmt:locale0.obj
 0001:0000b9a8       ??_G_Fac_node@std@@QEAAPEAXI@Z 000000018000c9a8 f i libcpmt:locale0.obj
 0001:0000ba34       ??_G_Locimp@locale@std@@MEAAPEAXI@Z 000000018000ca34 f i libcpmt:locale0.obj
 0001:0000ba34       ??_E_Locimp@locale@std@@MEAAPEAXI@Z 000000018000ca34 f i libcpmt:locale0.obj
 0001:0000baa0       ?_Facet_Register@std@@YAXPEAV_Facet_base@1@@Z 000000018000caa0 f   libcpmt:locale0.obj
 0001:0000bad8       ?_Getgloballocale@locale@std@@CAPEAV_Locimp@12@XZ 000000018000cad8 f   libcpmt:locale0.obj
 0001:0000bae0       ?_Init@locale@std@@CAPEAV_Locimp@12@_N@Z 000000018000cae0 f   libcpmt:locale0.obj
 0001:0000bb9c       ?_Locimp_dtor@_Locimp@locale@std@@CAXPEAV123@@Z 000000018000cb9c f   libcpmt:locale0.obj
 0001:0000bc44       ?_Locinfo_ctor@_Locinfo@std@@SAXPEAV12@PEBD@Z 000000018000cc44 f   libcpmt:locale0.obj
 0001:0000bcb0       ?_Locinfo_dtor@_Locinfo@std@@SAXPEAV12@@Z 000000018000ccb0 f   libcpmt:locale0.obj
 0001:0000bcd4       ?_New_Locimp@_Locimp@locale@std@@CAPEAV123@_N@Z 000000018000ccd4 f   libcpmt:locale0.obj
 0001:0000bd44       ?_Setgloballocale@locale@std@@CAXPEAX@Z 000000018000cd44 f   libcpmt:locale0.obj
 0001:0000bd78       _Deletegloballocale        000000018000cd78 f   libcpmt:locale0.obj
 0001:0000be00       ??0bad_alloc@std@@QEAA@AEBV01@@Z 000000018000ce00 f i libcpmt:xthrow.obj
 0001:0000be40       ??0bad_alloc@std@@QEAA@XZ  000000018000ce40 f i libcpmt:xthrow.obj
 0001:0000be60       ??0length_error@std@@QEAA@AEBV01@@Z 000000018000ce60 f i libcpmt:xthrow.obj
 0001:0000bea0       ??0length_error@std@@QEAA@PEBD@Z 000000018000cea0 f i libcpmt:xthrow.obj
 0001:0000beec       ??0logic_error@std@@QEAA@AEBV01@@Z 000000018000ceec f i libcpmt:xthrow.obj
 0001:0000bf2c       ??0out_of_range@std@@QEAA@AEBV01@@Z 000000018000cf2c f i libcpmt:xthrow.obj
 0001:0000bf6c       ??0out_of_range@std@@QEAA@PEBD@Z 000000018000cf6c f i libcpmt:xthrow.obj
 0001:0000bfb8       ??_Gbad_exception@std@@UEAAPEAXI@Z 000000018000cfb8 f i libvcruntime:frame.obj
 0001:0000bfb8       ??_Glogic_error@std@@UEAAPEAXI@Z 000000018000cfb8 f i libcpmt:xthrow.obj
 0001:0000bfb8       ??_Ebad_exception@std@@UEAAPEAXI@Z 000000018000cfb8 f i libvcruntime:frame.obj
 0001:0000bfb8       ??_Eexception@std@@UEAAPEAXI@Z 000000018000cfb8 f i libcpmt:cout.obj
 0001:0000bfb8       ??_Gbad_alloc@std@@UEAAPEAXI@Z 000000018000cfb8 f i libcpmt:xthrow.obj
 0001:0000bfb8       ??_Ebad_array_new_length@std@@UEAAPEAXI@Z 000000018000cfb8 f i LIBCMT:throw_bad_alloc.obj
 0001:0000bfb8       ??_Glength_error@std@@UEAAPEAXI@Z 000000018000cfb8 f i libcpmt:xthrow.obj
 0001:0000bfb8       ??_Ebad_alloc@std@@UEAAPEAXI@Z 000000018000cfb8 f i libcpmt:xthrow.obj
 0001:0000bfb8       ??_Ebad_cast@std@@UEAAPEAXI@Z 000000018000cfb8 f i libcpmt:cout.obj
 0001:0000bfb8       ??_Eout_of_range@std@@UEAAPEAXI@Z 000000018000cfb8 f i libcpmt:xthrow.obj
 0001:0000bfb8       ??_Gbad_array_new_length@std@@UEAAPEAXI@Z 000000018000cfb8 f i LIBCMT:throw_bad_alloc.obj
 0001:0000bfb8       ??_Gbad_cast@std@@UEAAPEAXI@Z 000000018000cfb8 f i libcpmt:cout.obj
 0001:0000bfb8       ??_Gout_of_range@std@@UEAAPEAXI@Z 000000018000cfb8 f i libcpmt:xthrow.obj
 0001:0000bfb8       ??_Elogic_error@std@@UEAAPEAXI@Z 000000018000cfb8 f i libcpmt:xthrow.obj
 0001:0000bfb8       ??_Elength_error@std@@UEAAPEAXI@Z 000000018000cfb8 f i libcpmt:xthrow.obj
 0001:0000bfb8       ??_Gexception@std@@UEAAPEAXI@Z 000000018000cfb8 f i libcpmt:cout.obj
 0001:0000bffc       ?_Xbad_alloc@std@@YAXXZ    000000018000cffc f   libcpmt:xthrow.obj
 0001:0000bffc       ?__scrt_throw_std_bad_alloc@@YAXXZ 000000018000cffc f   LIBCMT:throw_bad_alloc.obj
 0001:0000c01c       ?_Xlength_error@std@@YAXPEBD@Z 000000018000d01c f   libcpmt:xthrow.obj
 0001:0000c040       ?_Xout_of_range@std@@YAXPEBD@Z 000000018000d040 f   libcpmt:xthrow.obj
 0001:0000c064       ?_Syserror_map@std@@YAPEBDH@Z 000000018000d064 f   libcpmt:syserror.obj
 0001:0000c08c       _Getctype                  000000018000d08c f   libcpmt:_tolower.obj
 0001:0000c14c       _Tolower                   000000018000d14c f   libcpmt:_tolower.obj
 0001:0000c274       _Getcvt                    000000018000d274 f   libcpmt:xwctomb.obj
 0001:0000c304       _Toupper                   000000018000d304 f   libcpmt:_toupper.obj
 0001:0000c43c       _Mtxdst                    000000018000d43c f   libcpmt:xmtx.obj
 0001:0000c444       _Mtxinit                   000000018000d444 f   libcpmt:xmtx.obj
 0001:0000c454       _Mtxlock                   000000018000d454 f   libcpmt:xmtx.obj
 0001:0000c45c       _Mtxunlock                 000000018000d45c f   libcpmt:xmtx.obj
 0001:0000c464       ?_Addstd@ios_base@std@@SAXPEAV12@@Z 000000018000d464 f   libcpmt:ios.obj
 0001:0000c4d4       ?_Ios_base_dtor@ios_base@std@@CAXPEAV12@@Z 000000018000d4d4 f   libcpmt:ios.obj
 0001:0000c518       ?_Tidy@ios_base@std@@AEAAXXZ 000000018000d518 f i libcpmt:ios.obj
 0001:0000c5a8       ?_Atexit@@YAXP6AXXZ@Z      000000018000d5a8 f   libcpmt:iosptrs.obj
 0001:0000c5e8       __crtLCMapStringA          000000018000d5e8 f   libcpmt:StlLCMapStringA.obj
 0001:0000cda4       __crtInitializeCriticalSectionEx 000000018000dda4 f   libcpmt:winapisupp.obj
 0001:0000ce04       GetTableIndexFromLocaleName 000000018000de04 f   libcpmt:winapinls.obj
 0001:0000ce90       __crtDownlevelLocaleNameToLCID 000000018000de90 f   libcpmt:winapinls.obj
 0001:0000cec4       __crtLCMapStringEx         000000018000dec4 f   libcpmt:winapinls.obj
 0001:0000cf80       __wcsnicmp_ascii           000000018000df80 f   libcpmt:winapinls.obj
 0001:0000cff0       __security_check_cookie    000000018000dff0 f   LIBCMT:_amdsecgs_.obj
 0001:0000d15c       _Init_thread_footer        000000018000e15c f   LIBCMT:thread_safe_statics.obj
 0001:0000d1bc       _Init_thread_header        000000018000e1bc f   LIBCMT:thread_safe_statics.obj
 0001:0000d224       _Init_thread_notify        000000018000e224 f   LIBCMT:thread_safe_statics.obj
 0001:0000d280       _Init_thread_wait          000000018000e280 f   LIBCMT:thread_safe_statics.obj
 0001:0000d318       ??2@YAPEAX_K@Z             000000018000e318 f   LIBCMT:new_scalar.obj
 0001:0000d354       __scrt_acquire_startup_lock 000000018000e354 f   LIBCMT:utility.obj
 0001:0000d390       __scrt_dllmain_after_initialize_c 000000018000e390 f   LIBCMT:utility.obj
 0001:0000d3c4       __scrt_dllmain_before_initialize_c 000000018000e3c4 f   LIBCMT:utility.obj
 0001:0000d3dc       __scrt_dllmain_crt_thread_attach 000000018000e3dc f   LIBCMT:utility.obj
 0001:0000d404       __scrt_dllmain_crt_thread_detach 000000018000e404 f   LIBCMT:utility.obj
 0001:0000d41c       __scrt_dllmain_exception_filter 000000018000e41c f   LIBCMT:utility.obj
 0001:0000d480       __scrt_dllmain_uninitialize_c 000000018000e480 f   LIBCMT:utility.obj
 0001:0000d4b0       __scrt_dllmain_uninitialize_critical 000000018000e4b0 f   LIBCMT:utility.obj
 0001:0000d4c4       __scrt_initialize_crt      000000018000e4c4 f   LIBCMT:utility.obj
 0001:0000d510       __scrt_initialize_onexit_tables 000000018000e510 f   LIBCMT:utility.obj
 0001:0000d5dc       __scrt_is_nonwritable_in_current_image 000000018000e5dc f   LIBCMT:utility.obj
 0001:0000d678       __scrt_release_startup_lock 000000018000e678 f   LIBCMT:utility.obj
 0001:0000d69c       __scrt_uninitialize_crt    000000018000e69c f   LIBCMT:utility.obj
 0001:0000d6c8       _onexit                    000000018000e6c8 f   LIBCMT:utility.obj
 0001:0000d718       atexit                     000000018000e718 f   LIBCMT:utility.obj
 0001:0000d730       ??3@YAXPEAX@Z              000000018000e730 f   LIBCMT:delete_scalar.obj
 0001:0000d738       ??3@YAXPEAX_K@Z            000000018000e738 f   LIBCMT:delete_scalar_size.obj
 0001:0000d738       ??_V@YAXPEAX@Z             000000018000e738 f   LIBCMT:delete_array.obj
 0001:0000d740       ??_U@YAPEAX_K@Z            000000018000e740 f   LIBCMT:new_array.obj
 0001:0000da94       _DllMainCRTStartup         000000018000ea94 f   LIBCMT:dll_dllmain.obj
 0001:0000dad4       __GSHandlerCheck           000000018000ead4 f   LIBCMT:_gshandler_.obj
 0001:0000daf4       __GSHandlerCheckCommon     000000018000eaf4 f   LIBCMT:_gshandler_.obj
 0001:0000db50       __GSHandlerCheck_EH        000000018000eb50 f   LIBCMT:gshandlereh.obj
 0001:0000dbd0       _guard_check_icall         000000018000ebd0 f i LIBCMT:checkcfg.obj
 0001:0000dbd8       ??_Gtype_info@@UEAAPEAXI@Z 000000018000ebd8 f i LIBCMT:std_type_info_static.obj
 0001:0000dbd8       ??_Etype_info@@UEAAPEAXI@Z 000000018000ebd8 f i LIBCMT:std_type_info_static.obj
 0001:0000dc20       _alloca_probe              000000018000ec20 f   LIBCMT:_chkstk_.obj
 0001:0000dc20       __chkstk                   000000018000ec20 f   LIBCMT:_chkstk_.obj
 0001:0000dc74       __raise_securityfailure    000000018000ec74 f   LIBCMT:gs_report.obj
 0001:0000dca8       __report_gsfailure         000000018000eca8 f   LIBCMT:gs_report.obj
 0001:0000dd7c       __report_rangecheckfailure 000000018000ed7c f   LIBCMT:gs_report.obj
 0001:0000dd90       __report_securityfailure   000000018000ed90 f   LIBCMT:gs_report.obj
 0001:0000df10       __crt_debugger_hook        000000018000ef10 f   LIBCMT:utility_desktop.obj
 0001:0000df18       __scrt_fastfail            000000018000ef18 f   LIBCMT:utility_desktop.obj
 0001:0000e060       ??0bad_array_new_length@std@@QEAA@AEBV01@@Z 000000018000f060 f i LIBCMT:throw_bad_alloc.obj
 0001:0000e0a0       ??0bad_array_new_length@std@@QEAA@XZ 000000018000f0a0 f i LIBCMT:throw_bad_alloc.obj
 0001:0000e0c0       ?__scrt_throw_std_bad_array_new_length@@YAXXZ 000000018000f0c0 f   LIBCMT:throw_bad_alloc.obj
 0001:0000e0e0       __isa_available_init       000000018000f0e0 f   LIBCMT:_cpu_disp_.obj
 0001:0000e2a8       __scrt_is_ucrt_dll_in_use  000000018000f2a8 f   LIBCMT:ucrt_detection.obj
 0001:0000e2b4       __security_init_cookie     000000018000f2b4 f   LIBCMT:gs_support.obj
 0001:0000e360       ?__scrt_initialize_type_info@@YAXXZ 000000018000f360 f   LIBCMT:tncleanup.obj
 0001:0000e370       ?__scrt_uninitialize_type_info@@YAXXZ 000000018000f370 f   LIBCMT:tncleanup.obj
 0001:0000e37c       __local_stdio_scanf_options 000000018000f37c f i LIBCMT:default_local_stdio_options.obj
 0001:0000e384       __scrt_initialize_default_local_stdio_options 000000018000f384 f   LIBCMT:default_local_stdio_options.obj
 0001:0000e3a0       __scrt_get_dyn_tls_init_callback 000000018000f3a0 f   LIBCMT:dyn_tls_init.obj
 0001:0000e3a8       _RTC_Initialize            000000018000f3a8 f   LIBCMT:_initsect_.obj
 0001:0000e3f4       _RTC_Terminate             000000018000f3f4 f   LIBCMT:_initsect_.obj
 0001:0000e450       memmove                    000000018000f450 f   libvcruntime:memcpy.obj
 0001:0000e450       memcpy                     000000018000f450 f   libvcruntime:memcpy.obj
 0001:0000e888       _purecall                  000000018000f888 f   libvcruntime:purevirt.obj
 0001:0000e8c4       __DestructExceptionObject  000000018000f8c4 f   libvcruntime:frame.obj
 0001:0000e94c       ??0bad_exception@std@@QEAA@AEBV01@@Z 000000018000f94c f i libvcruntime:frame.obj
 0001:0000e98c       ??0bad_exception@std@@QEAA@XZ 000000018000f98c f i libvcruntime:frame.obj
 0001:0000f308       ?_CallMemberFunction0@@YAXPEAXP6AX0@Z@Z 0000000180010308 f i libvcruntime:frame.obj
 0001:0000f30c       ?_CallMemberFunction1@@YAXPEAXP6AX0@Z0@Z 000000018001030c f i libvcruntime:frame.obj
 0001:0000f318       ?_CallMemberFunction2@@YAXPEAXP6AX0@Z0H@Z 0000000180010318 f i libvcruntime:frame.obj
 0001:0000f328       __AdjustPointer            0000000180010328 f   libvcruntime:frame.obj
 0001:0000f34c       __BuildCatchObject         000000018001034c f   libvcruntime:frame.obj
 0001:0000f410       __BuildCatchObjectHelper   0000000180010410 f   libvcruntime:frame.obj
 0001:0000f5f0       __CxxCallCatchBlock        00000001800105f0 f   libvcruntime:frame.obj
 0001:0000f7dc       __FrameUnwindFilter        00000001800107dc f   libvcruntime:frame.obj
 0001:0000f828       __FrameUnwindToState       0000000180010828 f   libvcruntime:frame.obj
 0001:0000f9bc       __InternalCxxFrameHandler  00000001800109bc f   libvcruntime:frame.obj
 0001:0000fc14       __TypeMatch                0000000180010c14 f   libvcruntime:frame.obj
 0001:0000fd54       __std_terminate            0000000180010d54 f   libvcruntime:frame.obj
 0001:0000fd60       __std_exception_copy       0000000180010d60 f   libvcruntime:std_exception.obj
 0001:0000fdf0       __std_exception_destroy    0000000180010df0 f   libvcruntime:std_exception.obj
 0001:0000fe18       _CxxThrowException         0000000180010e18 f   libvcruntime:throw.obj
 0001:0000fef0       ?_ExecutionInCatch@@YAHPEAU_xDISPATCHER_CONTEXT@@PEBU_s_FuncInfo@@@Z 0000000180010ef0 f   libvcruntime:trnsctrl.obj
 0001:0000ff64       ?_GetEstablisherFrame@@YAPEA_KPEA_KPEAU_xDISPATCHER_CONTEXT@@PEBU_s_FuncInfo@@0@Z 0000000180010f64 f   libvcruntime:trnsctrl.obj
 0001:00010030       ?_GetRangeOfTrysToCheck@@YAPEBU_s_TryBlockMapEntry@@PEA_KPEBU_s_FuncInfo@@HHPEAI2PEAU_xDISPATCHER_CONTEXT@@@Z 0000000180011030 f   libvcruntime:trnsctrl.obj
 0001:0001015c       ?__FrameUnwindToEmptyState@@YAXPEA_KPEAU_xDISPATCHER_CONTEXT@@PEBU_s_FuncInfo@@@Z 000000018001115c f   libvcruntime:trnsctrl.obj
 0001:000101f0       ?__SehTransFilter@@YAHPEAU_EXCEPTION_POINTERS@@PEAUEHExceptionRecord@@PEA_KPEAU_CONTEXT@@PEAU_xDISPATCHER_CONTEXT@@PEBU_s_FuncInfo@@PEAH@Z 00000001800111f0 f   libvcruntime:trnsctrl.obj
 0001:00010288       _CallSETranslator          0000000180011288 f   libvcruntime:trnsctrl.obj
 0001:000102e0       _CreateFrameInfo           00000001800112e0 f   libvcruntime:trnsctrl.obj
 0001:0001031c       _FindAndUnlinkFrame        000000018001131c f   libvcruntime:trnsctrl.obj
 0001:00010374       _GetImageBase              0000000180011374 f   libvcruntime:trnsctrl.obj
 0001:00010388       _GetThrowImageBase         0000000180011388 f   libvcruntime:trnsctrl.obj
 0001:0001039c       _IsExceptionObjectToBeDestroyed 000000018001139c f   libvcruntime:trnsctrl.obj
 0001:000103cc       _SetImageBase              00000001800113cc f   libvcruntime:trnsctrl.obj
 0001:000103e4       _SetThrowImageBase         00000001800113e4 f   libvcruntime:trnsctrl.obj
 0001:000103fc       _UnwindNestedFrames        00000001800113fc f   libvcruntime:trnsctrl.obj
 0001:00010520       __CxxFrameHandler3         0000000180011520 f   libvcruntime:trnsctrl.obj
 0001:000105b0       memset                     00000001800115b0 f   libvcruntime:memset.obj
 0001:00010760       memcmp                     0000000180011760 f   libvcruntime:memcmp.obj
 0001:000109f0       __vcrt_FlsAlloc            00000001800119f0 f   libvcruntime:winapi_downlevel.obj
 0001:00010a44       __vcrt_FlsFree             0000000180011a44 f   libvcruntime:winapi_downlevel.obj
 0001:00010a98       __vcrt_FlsGetValue         0000000180011a98 f   libvcruntime:winapi_downlevel.obj
 0001:00010aec       __vcrt_FlsSetValue         0000000180011aec f   libvcruntime:winapi_downlevel.obj
 0001:00010b54       __vcrt_InitializeCriticalSectionEx 0000000180011b54 f   libvcruntime:winapi_downlevel.obj
 0001:00010bcc       __vcrt_initialize_winapi_thunks 0000000180011bcc f   libvcruntime:winapi_downlevel.obj
 0001:00010c18       __vcrt_uninitialize_winapi_thunks 0000000180011c18 f   libvcruntime:winapi_downlevel.obj
 0001:00010c58       __vcrt_initialize          0000000180011c58 f   libvcruntime:initialization.obj
 0001:00010c8c       __vcrt_thread_attach       0000000180011c8c f   libvcruntime:initialization.obj
 0001:00010ca0       __vcrt_thread_detach       0000000180011ca0 f   libvcruntime:initialization.obj
 0001:00010cb4       __vcrt_uninitialize        0000000180011cb4 f   libvcruntime:initialization.obj
 0001:00010cd4       __vcrt_uninitialize_critical 0000000180011cd4 f   libvcruntime:initialization.obj
 0001:00010ce4       __C_specific_handler       0000000180011ce4 f   libvcruntime:_chandler_.obj
 0001:00010ee0       __std_type_info_compare    0000000180011ee0 f   libvcruntime:std_type_info.obj
 0001:00010f08       __std_type_info_destroy_list 0000000180011f08 f   libvcruntime:std_type_info.obj
 0001:00010f34       __vcrt_initialize_pure_virtual_call_handler 0000000180011f34 f   libvcruntime:purevirt_data.obj
 0001:00010f58       __vcrt_freefls             0000000180011f58 f   libvcruntime:per_thread_data.obj
 0001:00010f78       __vcrt_freeptd             0000000180011f78 f   libvcruntime:per_thread_data.obj
 0001:00010fc8       __vcrt_getptd              0000000180011fc8 f   libvcruntime:per_thread_data.obj
 0001:00010fe4       __vcrt_getptd_noexit       0000000180011fe4 f   libvcruntime:per_thread_data.obj
 0001:0001109c       __vcrt_initialize_ptd      000000018001209c f   libvcruntime:per_thread_data.obj
 0001:000110dc       __vcrt_uninitialize_ptd    00000001800120dc f   libvcruntime:per_thread_data.obj
 0001:00011100       ?__GetCurrentState@@YAHPEA_KPEAU_xDISPATCHER_CONTEXT@@PEBU_s_FuncInfo@@@Z 0000000180012100 f   libvcruntime:ehstate.obj
 0001:00011128       ?__GetUnwindTryBlock@@YAHPEA_KPEAU_xDISPATCHER_CONTEXT@@PEBU_s_FuncInfo@@@Z 0000000180012128 f   libvcruntime:ehstate.obj
 0001:00011154       ?__SetState@@YAXPEA_KPEAU_xDISPATCHER_CONTEXT@@PEBU_s_FuncInfo@@H@Z 0000000180012154 f   libvcruntime:ehstate.obj
 0001:00011160       ?__SetUnwindTryBlock@@YAXPEA_KPEAU_xDISPATCHER_CONTEXT@@PEBU_s_FuncInfo@@H@Z 0000000180012160 f   libvcruntime:ehstate.obj
 0001:0001119c       ?__StateFromControlPc@@YAHPEBU_s_FuncInfo@@PEAU_xDISPATCHER_CONTEXT@@@Z 000000018001219c f   libvcruntime:ehstate.obj
 0001:000111a4       ?__StateFromIp@@YAHPEBU_s_FuncInfo@@PEAU_xDISPATCHER_CONTEXT@@_J@Z 00000001800121a4 f   libvcruntime:ehstate.obj
 0001:00011220       _CallSettingFrame          0000000180012220 f   libvcruntime:handlers.obj
 0001:00011270       _local_unwind              0000000180012270 f   libvcruntime:_jmpuwind_.obj
 0001:000112a0       _NLG_Notify                00000001800122a0 f   libvcruntime:_jmpuwind_.obj
 0001:000112c0       __NLG_Dispatch2            00000001800122c0 f   libvcruntime:_jmpuwind_.obj
 0001:000112d0       __NLG_Return2              00000001800122d0 f   libvcruntime:_jmpuwind_.obj
 0001:000112d4       __vcrt_initialize_locks    00000001800122d4 f   libvcruntime:locks.obj
 0001:0001131c       __vcrt_uninitialize_locks  000000018001231c f   libvcruntime:locks.obj
 0001:00011354       abort                      0000000180012354 f   libucrt:abort.obj
 0001:000113ac       calloc                     00000001800123ac f   libucrt:calloc.obj
 0001:000113b4       __acrt_initialize_stdio    00000001800123b4 f   libucrt:_file.obj
 0001:000114d4       __acrt_iob_func            00000001800124d4 f   libucrt:_file.obj
 0001:000114e8       __acrt_uninitialize_stdio  00000001800124e8 f   libucrt:_file.obj
 0001:00011544       _get_stream_buffer_pointers 0000000180012544 f   libucrt:_file.obj
 0001:0001158c       _lock_file                 000000018001258c f   libucrt:_file.obj
 0001:00011598       _unlock_file               0000000180012598 f   libucrt:_file.obj
 0001:000115a4       __acrt_call_reportfault    00000001800125a4 f   libucrt:invalid_parameter.obj
 0001:00011700       __acrt_initialize_invalid_parameter_handler 0000000180012700 f   libucrt:invalid_parameter.obj
 0001:00011708       _invalid_parameter         0000000180012708 f   libucrt:invalid_parameter.obj
 0001:000117b0       _invalid_parameter_noinfo  00000001800127b0 f   libucrt:invalid_parameter.obj
 0001:000117d0       _invalid_parameter_noinfo_noreturn 00000001800127d0 f   libucrt:invalid_parameter.obj
 0001:00011800       _invoke_watson             0000000180012800 f   libucrt:invalid_parameter.obj
 0001:00011848       wcscpy_s                   0000000180012848 f   libucrt:wcscpy_s.obj
 0001:000118b0       strcspn                    00000001800128b0 f   libucrt:strcspn.obj
 0001:00011950       ??$?RV<lambda_7b91131dde12e1c3dfc74ff76b3f2eac>@@AEAV<lambda_dd75445284c072d0bd3768540cc698fa>@@V<lambda_16bc4ecb55b4718497c16bceaea2ceaf>@@@?$__crt_seh_guarded_call@H@@QEAAH$$QEAV<lambda_7b91131dde12e1c3dfc74ff76b3f2eac>@@AEAV<lambda_dd75445284c072d0bd3768540cc698fa>@@$$QEAV<lambda_16bc4ecb55b4718497c16bceaea2ceaf>@@@Z 0000000180012950 f i libucrt:output.obj
 0001:00011990       ??$?RV<lambda_aa279a7bcb127014629d5b1d62c7325d>@@AEAV<lambda_0a64b6a4deda75c01876f29c44fc5eb3>@@V<lambda_3323e69fbefe9d1a11713e670d47cdfa>@@@?$__crt_seh_guarded_call@H@@QEAAH$$QEAV<lambda_aa279a7bcb127014629d5b1d62c7325d>@@AEAV<lambda_0a64b6a4deda75c01876f29c44fc5eb3>@@$$QEAV<lambda_3323e69fbefe9d1a11713e670d47cdfa>@@@Z 0000000180012990 f i libucrt:output.obj
 0001:00011b78       ??$ensure_buffer_is_big_enough@D@formatting_buffer@__crt_stdio_output@@QEAA_N_K@Z 0000000180012b78 f i libucrt:output.obj
 0001:00011c24       ??$is_wide_character_specifier@D@__crt_stdio_output@@YA_N_KDW4length_modifier@0@@Z 0000000180012c24 f i libucrt:output.obj
 0001:00011c54       ??$is_wide_character_specifier@_W@__crt_stdio_output@@YA_N_K_WW4length_modifier@0@@Z 0000000180012c54 f i libucrt:output.obj
 0001:00011c98       ??$type_case_integer_parse_into_buffer@I@?$output_processor@_WV?$string_output_adapter@_W@__crt_stdio_output@@V?$standard_base@_WV?$string_output_adapter@_W@__crt_stdio_output@@@2@@__crt_stdio_output@@AEAAXII_N@Z 0000000180012c98 f i libucrt:output.obj
 0001:00011c98       ??$type_case_integer_parse_into_buffer@I@?$output_processor@DV?$stream_output_adapter@D@__crt_stdio_output@@V?$standard_base@DV?$stream_output_adapter@D@__crt_stdio_output@@@2@@__crt_stdio_output@@AEAAXII_N@Z 0000000180012c98 f i libucrt:output.obj
 0001:00011c98       ??$type_case_integer_parse_into_buffer@I@?$output_processor@_WV?$stream_output_adapter@_W@__crt_stdio_output@@V?$standard_base@_WV?$stream_output_adapter@_W@__crt_stdio_output@@@2@@__crt_stdio_output@@AEAAXII_N@Z 0000000180012c98 f i libucrt:output.obj
 0001:00011c98       ??$type_case_integer_parse_into_buffer@I@?$output_processor@DV?$string_output_adapter@D@__crt_stdio_output@@V?$format_validation_base@DV?$string_output_adapter@D@__crt_stdio_output@@@2@@__crt_stdio_output@@AEAAXII_N@Z 0000000180012c98 f i libucrt:output.obj
 0001:00011d34       ??$type_case_integer_parse_into_buffer@_K@?$output_processor@_WV?$string_output_adapter@_W@__crt_stdio_output@@V?$standard_base@_WV?$string_output_adapter@_W@__crt_stdio_output@@@2@@__crt_stdio_output@@AEAAX_KI_N@Z 0000000180012d34 f i libucrt:output.obj
 0001:00011d34       ??$type_case_integer_parse_into_buffer@_K@?$output_processor@DV?$stream_output_adapter@D@__crt_stdio_output@@V?$standard_base@DV?$stream_output_adapter@D@__crt_stdio_output@@@2@@__crt_stdio_output@@AEAAX_KI_N@Z 0000000180012d34 f i libucrt:output.obj
 0001:00011d34       ??$type_case_integer_parse_into_buffer@_K@?$output_processor@DV?$string_output_adapter@D@__crt_stdio_output@@V?$format_validation_base@DV?$string_output_adapter@D@__crt_stdio_output@@@2@@__crt_stdio_output@@AEAAX_KI_N@Z 0000000180012d34 f i libucrt:output.obj
 0001:00011d34       ??$type_case_integer_parse_into_buffer@_K@?$output_processor@_WV?$stream_output_adapter@_W@__crt_stdio_output@@V?$standard_base@_WV?$stream_output_adapter@_W@__crt_stdio_output@@@2@@__crt_stdio_output@@AEAAX_KI_N@Z 0000000180012d34 f i libucrt:output.obj
 0001:00011dd0       ??$write_multiple_characters@V?$stream_output_adapter@D@__crt_stdio_output@@D@__crt_stdio_output@@YAXAEBV?$stream_output_adapter@D@0@DHQEAH@Z 0000000180012dd0 f i libucrt:output.obj
 0001:00011e54       ??$write_multiple_characters@V?$stream_output_adapter@_W@__crt_stdio_output@@D@__crt_stdio_output@@YAXAEBV?$stream_output_adapter@_W@0@DHQEAH@Z 0000000180012e54 f i libucrt:output.obj
 0001:00011ee4       ??$write_multiple_characters@V?$string_output_adapter@D@__crt_stdio_output@@D@__crt_stdio_output@@YAXAEBV?$string_output_adapter@D@0@DHQEAH@Z 0000000180012ee4 f i libucrt:output.obj
 0001:00011f40       ??$write_multiple_characters@V?$string_output_adapter@_W@__crt_stdio_output@@D@__crt_stdio_output@@YAXAEBV?$string_output_adapter@_W@0@DHQEAH@Z 0000000180012f40 f i libucrt:output.obj
 0001:00011fb0       ??0?$output_processor@DV?$string_output_adapter@D@__crt_stdio_output@@V?$format_validation_base@DV?$string_output_adapter@D@__crt_stdio_output@@@2@@__crt_stdio_output@@QEAA@AEBV?$string_output_adapter@D@1@_KQEBDQEAU__crt_locale_pointers@@QEAD@Z 0000000180012fb0 f i libucrt:output.obj
 0001:00011fb0       ??0?$output_processor@DV?$stream_output_adapter@D@__crt_stdio_output@@V?$standard_base@DV?$stream_output_adapter@D@__crt_stdio_output@@@2@@__crt_stdio_output@@QEAA@AEBV?$stream_output_adapter@D@1@_KQEBDQEAU__crt_locale_pointers@@QEAD@Z 0000000180012fb0 f i libucrt:output.obj
 0001:0001202c       ??0?$output_processor@_WV?$stream_output_adapter@_W@__crt_stdio_output@@V?$standard_base@_WV?$stream_output_adapter@_W@__crt_stdio_output@@@2@@__crt_stdio_output@@QEAA@AEBV?$stream_output_adapter@_W@1@_KQEB_WQEAU__crt_locale_pointers@@QEAD@Z 000000018001302c f i libucrt:output.obj
 0001:0001202c       ??0?$output_processor@_WV?$string_output_adapter@_W@__crt_stdio_output@@V?$standard_base@_WV?$string_output_adapter@_W@__crt_stdio_output@@@2@@__crt_stdio_output@@QEAA@AEBV?$string_output_adapter@_W@1@_KQEB_WQEAU__crt_locale_pointers@@QEAD@Z 000000018001302c f i libucrt:output.obj
 0001:000120ac       ??0_LocaleUpdate@@QEAA@QEAU__crt_locale_pointers@@@Z 00000001800130ac f i libucrt:output.obj
 0001:0001231c       ?force_decimal_point@__crt_stdio_output@@YAXPEADQEAU__crt_locale_pointers@@@Z 000000018001331c f i libucrt:output.obj
 0001:0001238c       ?parse_int_from_format_string@?$output_processor@DV?$stream_output_adapter@D@__crt_stdio_output@@V?$standard_base@DV?$stream_output_adapter@D@__crt_stdio_output@@@2@@__crt_stdio_output@@AEAA_NQEAH@Z 000000018001338c f i libucrt:output.obj
 0001:0001238c       ?parse_int_from_format_string@?$output_processor@DV?$string_output_adapter@D@__crt_stdio_output@@V?$format_validation_base@DV?$string_output_adapter@D@__crt_stdio_output@@@2@@__crt_stdio_output@@AEAA_NQEAH@Z 000000018001338c f i libucrt:output.obj
 0001:00012410       ?parse_int_from_format_string@?$output_processor@_WV?$string_output_adapter@_W@__crt_stdio_output@@V?$standard_base@_WV?$string_output_adapter@_W@__crt_stdio_output@@@2@@__crt_stdio_output@@AEAA_NQEAH@Z 0000000180013410 f i libucrt:output.obj
 0001:00012410       ?parse_int_from_format_string@?$output_processor@_WV?$stream_output_adapter@_W@__crt_stdio_output@@V?$standard_base@_WV?$stream_output_adapter@_W@__crt_stdio_output@@@2@@__crt_stdio_output@@AEAA_NQEAH@Z 0000000180013410 f i libucrt:output.obj
 0001:00012490       ?process@?$output_processor@DV?$stream_output_adapter@D@__crt_stdio_output@@V?$standard_base@DV?$stream_output_adapter@D@__crt_stdio_output@@@2@@__crt_stdio_output@@QEAAHXZ 0000000180013490 f i libucrt:output.obj
 0001:000126a0       ?process@?$output_processor@DV?$string_output_adapter@D@__crt_stdio_output@@V?$format_validation_base@DV?$string_output_adapter@D@__crt_stdio_output@@@2@@__crt_stdio_output@@QEAAHXZ 00000001800136a0 f i libucrt:output.obj
 0001:000128b4       ?process@?$output_processor@_WV?$stream_output_adapter@_W@__crt_stdio_output@@V?$standard_base@_WV?$stream_output_adapter@_W@__crt_stdio_output@@@2@@__crt_stdio_output@@QEAAHXZ 00000001800138b4 f i libucrt:output.obj
 0001:00012b2c       ?process@?$output_processor@_WV?$string_output_adapter@_W@__crt_stdio_output@@V?$standard_base@_WV?$string_output_adapter@_W@__crt_stdio_output@@@2@@__crt_stdio_output@@QEAAHXZ 0000000180013b2c f i libucrt:output.obj
 0001:00012da8       ?state_case_normal@?$output_processor@DV?$stream_output_adapter@D@__crt_stdio_output@@V?$standard_base@DV?$stream_output_adapter@D@__crt_stdio_output@@@2@@__crt_stdio_output@@AEAA_NXZ 0000000180013da8 f i libucrt:output.obj
 0001:00012e18       ?state_case_normal@?$output_processor@DV?$string_output_adapter@D@__crt_stdio_output@@V?$format_validation_base@DV?$string_output_adapter@D@__crt_stdio_output@@@2@@__crt_stdio_output@@AEAA_NXZ 0000000180013e18 f i libucrt:output.obj
 0001:00012e8c       ?state_case_normal_tchar@?$output_processor@DV?$stream_output_adapter@D@__crt_stdio_output@@V?$standard_base@DV?$stream_output_adapter@D@__crt_stdio_output@@@2@@__crt_stdio_output@@AEAA_ND@Z 0000000180013e8c f i libucrt:output.obj
 0001:00012f20       ?state_case_normal_tchar@?$output_processor@DV?$string_output_adapter@D@__crt_stdio_output@@V?$format_validation_base@DV?$string_output_adapter@D@__crt_stdio_output@@@2@@__crt_stdio_output@@AEAA_ND@Z 0000000180013f20 f i libucrt:output.obj
 0001:00012fb8       ?state_case_size@?$output_processor@DV?$stream_output_adapter@D@__crt_stdio_output@@V?$standard_base@DV?$stream_output_adapter@D@__crt_stdio_output@@@2@@__crt_stdio_output@@AEAA_NXZ 0000000180013fb8 f i libucrt:output.obj
 0001:00013134       ?state_case_size@?$output_processor@DV?$string_output_adapter@D@__crt_stdio_output@@V?$format_validation_base@DV?$string_output_adapter@D@__crt_stdio_output@@@2@@__crt_stdio_output@@AEAA_NXZ 0000000180014134 f i libucrt:output.obj
 0001:000132b0       ?state_case_size@?$output_processor@_WV?$stream_output_adapter@_W@__crt_stdio_output@@V?$standard_base@_WV?$stream_output_adapter@_W@__crt_stdio_output@@@2@@__crt_stdio_output@@AEAA_NXZ 00000001800142b0 f i libucrt:output.obj
 0001:00013454       ?state_case_size@?$output_processor@_WV?$string_output_adapter@_W@__crt_stdio_output@@V?$standard_base@_WV?$string_output_adapter@_W@__crt_stdio_output@@@2@@__crt_stdio_output@@AEAA_NXZ 0000000180014454 f i libucrt:output.obj
 0001:000135f8       ?state_case_type@?$output_processor@DV?$stream_output_adapter@D@__crt_stdio_output@@V?$standard_base@DV?$stream_output_adapter@D@__crt_stdio_output@@@2@@__crt_stdio_output@@AEAA_NXZ 00000001800145f8 f i libucrt:output.obj
 0001:00013874       ?state_case_type@?$output_processor@DV?$string_output_adapter@D@__crt_stdio_output@@V?$format_validation_base@DV?$string_output_adapter@D@__crt_stdio_output@@@2@@__crt_stdio_output@@AEAA_NXZ 0000000180014874 f i libucrt:output.obj
 0001:00013af0       ?state_case_type@?$output_processor@_WV?$stream_output_adapter@_W@__crt_stdio_output@@V?$standard_base@_WV?$stream_output_adapter@_W@__crt_stdio_output@@@2@@__crt_stdio_output@@AEAA_NXZ 0000000180014af0 f i libucrt:output.obj
 0001:00013dbc       ?state_case_type@?$output_processor@_WV?$string_output_adapter@_W@__crt_stdio_output@@V?$standard_base@_WV?$string_output_adapter@_W@__crt_stdio_output@@@2@@__crt_stdio_output@@AEAA_NXZ 0000000180014dbc f i libucrt:output.obj
 0001:00014088       ?type_case_Z@?$output_processor@DV?$string_output_adapter@D@__crt_stdio_output@@V?$format_validation_base@DV?$string_output_adapter@D@__crt_stdio_output@@@2@@__crt_stdio_output@@AEAA_NXZ 0000000180015088 f i libucrt:output.obj
 0001:00014088       ?type_case_Z@?$output_processor@DV?$stream_output_adapter@D@__crt_stdio_output@@V?$standard_base@DV?$stream_output_adapter@D@__crt_stdio_output@@@2@@__crt_stdio_output@@AEAA_NXZ 0000000180015088 f i libucrt:output.obj
 0001:00014108       ?type_case_Z@?$output_processor@_WV?$stream_output_adapter@_W@__crt_stdio_output@@V?$standard_base@_WV?$stream_output_adapter@_W@__crt_stdio_output@@@2@@__crt_stdio_output@@AEAA_NXZ 0000000180015108 f i libucrt:output.obj
 0001:00014108       ?type_case_Z@?$output_processor@_WV?$string_output_adapter@_W@__crt_stdio_output@@V?$standard_base@_WV?$string_output_adapter@_W@__crt_stdio_output@@@2@@__crt_stdio_output@@AEAA_NXZ 0000000180015108 f i libucrt:output.obj
 0001:00014188       ?type_case_a@?$output_processor@DV?$string_output_adapter@D@__crt_stdio_output@@V?$format_validation_base@DV?$string_output_adapter@D@__crt_stdio_output@@@2@@__crt_stdio_output@@AEAA_NXZ 0000000180015188 f i libucrt:output.obj
 0001:00014188       ?type_case_a@?$output_processor@DV?$stream_output_adapter@D@__crt_stdio_output@@V?$standard_base@DV?$stream_output_adapter@D@__crt_stdio_output@@@2@@__crt_stdio_output@@AEAA_NXZ 0000000180015188 f i libucrt:output.obj
 0001:000143a4       ?type_case_a@?$output_processor@_WV?$stream_output_adapter@_W@__crt_stdio_output@@V?$standard_base@_WV?$stream_output_adapter@_W@__crt_stdio_output@@@2@@__crt_stdio_output@@AEAA_NXZ 00000001800153a4 f i libucrt:output.obj
 0001:000143a4       ?type_case_a@?$output_processor@_WV?$string_output_adapter@_W@__crt_stdio_output@@V?$standard_base@_WV?$string_output_adapter@_W@__crt_stdio_output@@@2@@__crt_stdio_output@@AEAA_NXZ 00000001800153a4 f i libucrt:output.obj
 0001:000145e8       ?type_case_c_tchar@?$output_processor@DV?$string_output_adapter@D@__crt_stdio_output@@V?$format_validation_base@DV?$string_output_adapter@D@__crt_stdio_output@@@2@@__crt_stdio_output@@AEAA_ND@Z 00000001800155e8 f i libucrt:output.obj
 0001:000145e8       ?type_case_c_tchar@?$output_processor@DV?$stream_output_adapter@D@__crt_stdio_output@@V?$standard_base@DV?$stream_output_adapter@D@__crt_stdio_output@@@2@@__crt_stdio_output@@AEAA_ND@Z 00000001800155e8 f i libucrt:output.obj
 0001:0001469c       ?type_case_c_tchar@?$output_processor@_WV?$string_output_adapter@_W@__crt_stdio_output@@V?$standard_base@_WV?$string_output_adapter@_W@__crt_stdio_output@@@2@@__crt_stdio_output@@AEAA_N_W@Z 000000018001569c f i libucrt:output.obj
 0001:0001469c       ?type_case_c_tchar@?$output_processor@_WV?$stream_output_adapter@_W@__crt_stdio_output@@V?$standard_base@_WV?$stream_output_adapter@_W@__crt_stdio_output@@@2@@__crt_stdio_output@@AEAA_N_W@Z 000000018001569c f i libucrt:output.obj
 0001:00014744       ?type_case_integer@?$output_processor@_WV?$string_output_adapter@_W@__crt_stdio_output@@V?$standard_base@_WV?$string_output_adapter@_W@__crt_stdio_output@@@2@@__crt_stdio_output@@AEAA_NI_N@Z 0000000180015744 f i libucrt:output.obj
 0001:00014744       ?type_case_integer@?$output_processor@DV?$string_output_adapter@D@__crt_stdio_output@@V?$format_validation_base@DV?$string_output_adapter@D@__crt_stdio_output@@@2@@__crt_stdio_output@@AEAA_NI_N@Z 0000000180015744 f i libucrt:output.obj
 0001:00014744       ?type_case_integer@?$output_processor@_WV?$stream_output_adapter@_W@__crt_stdio_output@@V?$standard_base@_WV?$stream_output_adapter@_W@__crt_stdio_output@@@2@@__crt_stdio_output@@AEAA_NI_N@Z 0000000180015744 f i libucrt:output.obj
 0001:00014744       ?type_case_integer@?$output_processor@DV?$stream_output_adapter@D@__crt_stdio_output@@V?$standard_base@DV?$stream_output_adapter@D@__crt_stdio_output@@@2@@__crt_stdio_output@@AEAA_NI_N@Z 0000000180015744 f i libucrt:output.obj
 0001:000148e4       ?type_case_n@?$output_processor@_WV?$stream_output_adapter@_W@__crt_stdio_output@@V?$standard_base@_WV?$stream_output_adapter@_W@__crt_stdio_output@@@2@@__crt_stdio_output@@AEAA_NXZ 00000001800158e4 f i libucrt:output.obj
 0001:000148e4       ?type_case_n@?$output_processor@_WV?$string_output_adapter@_W@__crt_stdio_output@@V?$standard_base@_WV?$string_output_adapter@_W@__crt_stdio_output@@@2@@__crt_stdio_output@@AEAA_NXZ 00000001800158e4 f i libucrt:output.obj
 0001:000148e4       ?type_case_n@?$output_processor@DV?$string_output_adapter@D@__crt_stdio_output@@V?$format_validation_base@DV?$string_output_adapter@D@__crt_stdio_output@@@2@@__crt_stdio_output@@AEAA_NXZ 00000001800158e4 f i libucrt:output.obj
 0001:000148e4       ?type_case_n@?$output_processor@DV?$stream_output_adapter@D@__crt_stdio_output@@V?$standard_base@DV?$stream_output_adapter@D@__crt_stdio_output@@@2@@__crt_stdio_output@@AEAA_NXZ 00000001800158e4 f i libucrt:output.obj
 0001:000149c0       ?type_case_s@?$output_processor@DV?$string_output_adapter@D@__crt_stdio_output@@V?$format_validation_base@DV?$string_output_adapter@D@__crt_stdio_output@@@2@@__crt_stdio_output@@AEAA_NXZ 00000001800159c0 f i libucrt:output.obj
 0001:000149c0       ?type_case_s@?$output_processor@DV?$stream_output_adapter@D@__crt_stdio_output@@V?$standard_base@DV?$stream_output_adapter@D@__crt_stdio_output@@@2@@__crt_stdio_output@@AEAA_NXZ 00000001800159c0 f i libucrt:output.obj
 0001:00014a50       ?type_case_s@?$output_processor@_WV?$string_output_adapter@_W@__crt_stdio_output@@V?$standard_base@_WV?$string_output_adapter@_W@__crt_stdio_output@@@2@@__crt_stdio_output@@AEAA_NXZ 0000000180015a50 f i libucrt:output.obj
 0001:00014a50       ?type_case_s@?$output_processor@_WV?$stream_output_adapter@_W@__crt_stdio_output@@V?$standard_base@_WV?$stream_output_adapter@_W@__crt_stdio_output@@@2@@__crt_stdio_output@@AEAA_NXZ 0000000180015a50 f i libucrt:output.obj
 0001:00014b18       ?validate_stream_is_ansi_if_required@?$__acrt_stdio_char_traits@D@@SA_NQEAU_iobuf@@@Z 0000000180015b18 f i libucrt:output.obj
 0001:00014ba4       ?write_stored_string_tchar@?$output_processor@DV?$stream_output_adapter@D@__crt_stdio_output@@V?$standard_base@DV?$stream_output_adapter@D@__crt_stdio_output@@@2@@__crt_stdio_output@@AEAA_ND@Z 0000000180015ba4 f i libucrt:output.obj
 0001:00014c7c       ?write_stored_string_tchar@?$output_processor@DV?$string_output_adapter@D@__crt_stdio_output@@V?$format_validation_base@DV?$string_output_adapter@D@__crt_stdio_output@@@2@@__crt_stdio_output@@AEAA_ND@Z 0000000180015c7c f i libucrt:output.obj
 0001:00014d54       ?write_stored_string_tchar@?$output_processor@_WV?$stream_output_adapter@_W@__crt_stdio_output@@V?$standard_base@_WV?$stream_output_adapter@_W@__crt_stdio_output@@@2@@__crt_stdio_output@@AEAA_N_W@Z 0000000180015d54 f i libucrt:output.obj
 0001:00014e40       ?write_stored_string_tchar@?$output_processor@_WV?$string_output_adapter@_W@__crt_stdio_output@@V?$standard_base@_WV?$string_output_adapter@_W@__crt_stdio_output@@@2@@__crt_stdio_output@@AEAA_N_W@Z 0000000180015e40 f i libucrt:output.obj
 0001:00014f30       ?write_string@?$stream_output_adapter@D@__crt_stdio_output@@QEBAXQEBDHQEAH1@Z 0000000180015f30 f i libucrt:output.obj
 0001:00015028       ?write_string@?$stream_output_adapter@_W@__crt_stdio_output@@QEBAXQEB_WHQEAH1@Z 0000000180016028 f i libucrt:output.obj
 0001:00015134       ?write_string@?$string_output_adapter@D@__crt_stdio_output@@QEBAXQEBDHQEAH1@Z 0000000180016134 f i libucrt:output.obj
 0001:000151f0       ?write_string@?$string_output_adapter@_W@__crt_stdio_output@@QEBAXQEB_WHQEAH1@Z 00000001800161f0 f i libucrt:output.obj
 0001:000152b0       __stdio_common_vfprintf    00000001800162b0 f   libucrt:output.obj
 0001:0001533c       __stdio_common_vfwprintf   000000018001633c f   libucrt:output.obj
 0001:000153c8       __stdio_common_vsprintf_s  00000001800163c8 f   libucrt:output.obj
 0001:0001542c       __stdio_common_vswprintf   000000018001642c f   libucrt:output.obj
 0001:00015664       localeconv                 0000000180016664 f   libucrt:localeconv.obj
 0001:00015698       free                       0000000180016698 f   libucrt:free.obj
 0001:000156a0       frexp                      00000001800166a0 f   libucrt:frexp.obj
 0001:00016180       ??$ftprintf@PEAU_iobuf@@PEB_WAEBQEB_WAEBQEB_WAEBI@?$__crt_char_traits@_W@@SAH$$QEAPEAU_iobuf@@$$QEAPEB_WAEBQEB_W2AEBI@Z 0000000180017180 f i libucrt:assert.obj
 0001:000161a8       _wassert                   00000001800171a8 f   libucrt:assert.obj
 0001:0001622c       fwprintf                   000000018001722c f i libucrt:assert.obj
 0001:00016270       swprintf                   0000000180017270 f i libucrt:assert.obj
 0001:000162c4       malloc                     00000001800172c4 f   libucrt:malloc.obj
 0001:000162cc       __acrt_initialize_locks    00000001800172cc f   libucrt:locks.obj
 0001:00016314       __acrt_lock                0000000180017314 f   libucrt:locks.obj
 0001:00016330       __acrt_uninitialize_locks  0000000180017330 f   libucrt:locks.obj
 0001:00016368       __acrt_unlock              0000000180017368 f   libucrt:locks.obj
 0001:00016384       _lock_locales              0000000180017384 f   libucrt:locks.obj
 0001:00016394       _unlock_locales            0000000180017394 f   libucrt:locks.obj
 0001:000163a4       __acrt_errno_from_os_error 00000001800173a4 f   libucrt:errno.obj
 0001:000163ec       __acrt_errno_map_os_error  00000001800173ec f   libucrt:errno.obj
 0001:0001643c       __doserrno                 000000018001743c f   libucrt:errno.obj
 0001:0001645c       _errno                     000000018001745c f   libucrt:errno.obj
 0001:0001647c       _fclose_nolock             000000018001747c f   libucrt:fclose.obj
 0001:00016500       fclose                     0000000180017500 f   libucrt:fclose.obj
 0001:0001656c       __acrt_stdio_flush_nolock  000000018001756c f   libucrt:fflush.obj
 0001:000165e4       _fflush_nolock             00000001800175e4 f   libucrt:fflush.obj
 0001:00016630       _flushall                  0000000180017630 f   libucrt:fflush.obj
 0001:00016720       fflush                     0000000180017720 f   libucrt:fflush.obj
 0001:00016764       _fgetc_nolock              0000000180017764 f   libucrt:fgetc.obj
 0001:000167a8       fgetc                      00000001800177a8 f   libucrt:fgetc.obj
 0001:000168ac       fgetpos                    00000001800178ac f   libucrt:fgetpos.obj
 0001:000168f8       _fputc_nolock              00000001800178f8 f   libucrt:fputc.obj
 0001:00016910       fputc                      0000000180017910 f   libucrt:fputc.obj
 0001:00016a30       fsetpos                    0000000180017a30 f   libucrt:fsetpos.obj
 0001:00016cdc       _fseeki64                  0000000180017cdc f   libucrt:fseek.obj
 0001:00016ce4       ??$?RV<lambda_5d4c3fee44080f75d5d9762853974fe0>@@AEAV<lambda_532e024f4337e6fc7ad266c2bef9f4ed>@@V<lambda_c87bdc10097eb2402edb8ba9bdf0697b>@@@?$__crt_seh_guarded_call@_K@@QEAA_K$$QEAV<lambda_5d4c3fee44080f75d5d9762853974fe0>@@AEAV<lambda_532e024f4337e6fc7ad266c2bef9f4ed>@@$$QEAV<lambda_c87bdc10097eb2402edb8ba9bdf0697b>@@@Z 0000000180017ce4 f i libucrt:fwrite.obj
 0001:00016d88       _fwrite_nolock             0000000180017d88 f   libucrt:fwrite.obj
 0001:00016f24       fwrite                     0000000180017f24 f   libucrt:fwrite.obj
 0001:00016fa8       ??$?RV<lambda_7a5ef57ff966f610505f1d28a3d40618>@@AEAV<lambda_b721fa326cdb32351d23dfa67958c160>@@V<lambda_5e0fb27672408a07956fe59e48ccb2aa>@@@?$__crt_seh_guarded_call@H@@QEAAH$$QEAV<lambda_7a5ef57ff966f610505f1d28a3d40618>@@AEAV<lambda_b721fa326cdb32351d23dfa67958c160>@@$$QEAV<lambda_5e0fb27672408a07956fe59e48ccb2aa>@@@Z 0000000180017fa8 f i libucrt:setvbuf.obj
 0001:000170d8       setvbuf                    00000001800180d8 f   libucrt:setvbuf.obj
 0001:00017178       _ungetc_nolock             0000000180018178 f   libucrt:ungetc.obj
 0001:00017288       ungetc                     0000000180018288 f   libucrt:ungetc.obj
 0001:000173d0       setlocale                  00000001800183d0 f   libucrt:setlocale.obj
 0001:0001759c       _calloc_base               000000018001859c f   libucrt:calloc_base.obj
 0001:00017614       __pctype_func              0000000180018614 f   libucrt:ctype.obj
 0001:00017644       isdigit                    0000000180018644 f i libucrt:_ctype.obj
 0001:000176b8       islower                    00000001800186b8 f i libucrt:_ctype.obj
 0001:0001772c       isupper                    000000018001872c f i libucrt:_ctype.obj
 0001:000177a0       _wcsdup                    00000001800187a0 f   libucrt:wcsdup.obj
 0001:00017824       ___lc_codepage_func        0000000180018824 f   libucrt:initctype.obj
 0001:00017854       ___lc_locale_name_func     0000000180018854 f   libucrt:initctype.obj
 0001:00017888       ___mb_cur_max_func         0000000180018888 f   libucrt:initctype.obj
 0001:000178b8       __acrt_locale_initialize_ctype 00000001800188b8 f   libucrt:initctype.obj
 0001:00017f04       _ismbblead                 0000000180018f04 f   libucrt:ismbbyte.obj
 0001:00017f18       _malloc_base               0000000180018f18 f   libucrt:malloc_base.obj
 0001:00017f78       _realloc_base              0000000180018f78 f   libucrt:realloc_base.obj
 0001:00017ffc       ??$make_c_string_character_source@_WPEAPEA_W@__crt_strtox@@YA?AV?$c_string_character_source@_W@0@QEB_WQEAPEA_W@Z 0000000180018ffc f i libucrt:strtod.obj
 0001:00017ffc       ??$make_c_string_character_source@DPEAPEAD@__crt_strtox@@YA?AV?$c_string_character_source@D@0@QEBDQEAPEAD@Z 0000000180018ffc f i libucrt:strtod.obj
 0001:00017ffc       ??$make_c_string_character_source@_W$$T@__crt_strtox@@YA?AV?$c_string_character_source@_W@0@QEB_W$$T@Z 0000000180018ffc f i libucrt:atox.obj
 0001:00018010       ?divide@__crt_strtox@@YA_KAEAUbig_integer@1@AEBU21@@Z 0000000180019010 f i libucrt:strtod.obj
 0001:00018570       pow                        0000000180019570 f   libucrt:pow.obj
 0001:00019c10       powf                       000000018001ac10 f   libucrt:powf.obj
 0001:0001aad8       __strncnt                  000000018001bad8 f   libucrt:strncnt.obj
 0001:0001aaf0       _free_base                 000000018001baf0 f   libucrt:free_base.obj
 0001:0001ab80       _tolower_l                 000000018001bb80 f   libucrt:tolower_toupper.obj
 0001:0001acc0       tolower                    000000018001bcc0 f   libucrt:tolower_toupper.obj
 0001:0001acec       strnlen                    000000018001bcec f   libucrt:strnlen.obj
 0001:0001ae48       wcsnlen                    000000018001be48 f   libucrt:strnlen.obj
 0001:0001b038       __acrt_initialize_new_handler 000000018001c038 f   libucrt:new_handler.obj
 0001:0001b040       _callnewh                  000000018001c040 f   libucrt:new_handler.obj
 0001:0001b080       _query_new_handler         000000018001c080 f   libucrt:new_handler.obj
 0001:0001b0b4       _seh_filter_dll            000000018001c0b4 f   libucrt:exception_filter.obj
 0001:0001b0c8       _seh_filter_exe            000000018001c0c8 f   libucrt:exception_filter.obj
 0001:0001b488       __acrt_initialize_thread_local_exit_callback 000000018001c488 f   libucrt:exit.obj
 0001:0001b490       _cexit                     000000018001c490 f   libucrt:exit.obj
 0001:0001b4a0       _exit                      000000018001c4a0 f   libucrt:exit.obj
 0001:0001b4ac       _is_c_termination_complete 000000018001c4ac f   libucrt:exit.obj
 0001:0001b670       __acrt_allocate_buffer_for_argv 000000018001c670 f   libucrt:argv_parsing.obj
 0001:0001b6d4       _configure_narrow_argv     000000018001c6d4 f   libucrt:argv_parsing.obj
 0001:0001ba30       __dcrt_uninitialize_environments_nolock 000000018001ca30 f   libucrt:environment_initialization.obj
 0001:0001ba68       _initialize_narrow_environment 000000018001ca68 f   libucrt:environment_initialization.obj
 0001:0001ba70       ??$?RV<lambda_b8c45f8f788dd370798f47cfe8ac3a86>@@AEAV<lambda_4e60a939b0d047cfe11ddc22648dfba9>@@V<lambda_332c3edc96d0294ec56c57d38c1cdfd5>@@@?$__crt_seh_guarded_call@H@@QEAAH$$QEAV<lambda_b8c45f8f788dd370798f47cfe8ac3a86>@@AEAV<lambda_4e60a939b0d047cfe11ddc22648dfba9>@@$$QEAV<lambda_332c3edc96d0294ec56c57d38c1cdfd5>@@@Z 000000018001ca70 f i libucrt:onexit.obj
 0001:0001baac       ??$?RV<lambda_e24bbb7b643b32fcea6fa61b31d4c984>@@AEAV<lambda_275893d493268fdec8709772e3fcec0e>@@V<lambda_9d71df4d7cf3f480f8d633942495c3b0>@@@?$__crt_seh_guarded_call@H@@QEAAH$$QEAV<lambda_e24bbb7b643b32fcea6fa61b31d4c984>@@AEAV<lambda_275893d493268fdec8709772e3fcec0e>@@$$QEAV<lambda_9d71df4d7cf3f480f8d633942495c3b0>@@@Z 000000018001caac f i libucrt:onexit.obj
 0001:0001be28       _crt_atexit                000000018001ce28 f   libucrt:onexit.obj
 0001:0001be38       _execute_onexit_table      000000018001ce38 f   libucrt:onexit.obj
 0001:0001be74       _initialize_onexit_table   000000018001ce74 f   libucrt:onexit.obj
 0001:0001beb4       _register_onexit_function  000000018001ceb4 f   libucrt:onexit.obj
 0001:0001c030       __acrt_initialize          000000018001d030 f   libucrt:initialization.obj
 0001:0001c044       __acrt_thread_attach       000000018001d044 f   libucrt:initialization.obj
 0001:0001c058       __acrt_thread_detach       000000018001d058 f   libucrt:initialization.obj
 0001:0001c068       __acrt_uninitialize        000000018001d068 f   libucrt:initialization.obj
 0001:0001c07c       __acrt_uninitialize_critical 000000018001d07c f   libucrt:initialization.obj
 0001:0001c08c       _initterm                  000000018001d08c f   libucrt:initterm.obj
 0001:0001c104       _initterm_e                000000018001d104 f   libucrt:initterm.obj
 0001:0001c150       terminate                  000000018001d150 f   libucrt:terminate.obj
 0001:0001c178       strcpy_s                   000000018001d178 f   libucrt:strcpy_s.obj
 0001:0001c1d8       ??$is_overflow_condition@K@__crt_strtox@@YA_NIK@Z 000000018001d1d8 f i libucrt:atox.obj
 0001:0001c204       ??$parse_integer@KV?$c_string_character_source@D@__crt_strtox@@@__crt_strtox@@YAKQEAU__crt_locale_pointers@@V?$c_string_character_source@D@0@H_N@Z 000000018001d204 f i libucrt:atox.obj
 0001:0001c518       ??$parse_integer@KV?$c_string_character_source@_W@__crt_strtox@@@__crt_strtox@@YAKQEAU__crt_locale_pointers@@V?$c_string_character_source@_W@0@H_N@Z 000000018001d518 f i libucrt:atox.obj
 0001:0001cbec       _wtol                      000000018001dbec f   libucrt:atox.obj
 0001:0001cc18       ??$?RV<lambda_c36588078e9f5dfd39652860aa6b3aaf>@@AEAV<lambda_ec61778202f4f5fc7e7711acc23c3bca>@@V<lambda_dc9d2797ccde5d239b4a0efae8ebd7db>@@@?$__crt_seh_guarded_call@P6AXH@Z@@QEAAP6AXH@Z$$QEAV<lambda_c36588078e9f5dfd39652860aa6b3aaf>@@AEAV<lambda_ec61778202f4f5fc7e7711acc23c3bca>@@$$QEAV<lambda_dc9d2797ccde5d239b4a0efae8ebd7db>@@@Z 000000018001dc18 f i libucrt:signal.obj
 0001:0001cc60       __acrt_get_sigabrt_handler 000000018001dc60 f   libucrt:signal.obj
 0001:0001cc90       __acrt_initialize_signal_handlers 000000018001dc90 f   libucrt:signal.obj
 0001:0001ccb0       raise                      000000018001dcb0 f   libucrt:signal.obj
 0001:0001cf90       ??$?RV<lambda_630b2aca97f6d20d5b5ea6529ea6b6af>@@AEAV<lambda_af91936f1d075d609f72d9d8cba980af>@@V<lambda_e82fa975f615b5c7c7b0e4d178fdae67>@@@?$__crt_seh_guarded_call@H@@QEAAH$$QEAV<lambda_630b2aca97f6d20d5b5ea6529ea6b6af>@@AEAV<lambda_af91936f1d075d609f72d9d8cba980af>@@$$QEAV<lambda_e82fa975f615b5c7c7b0e4d178fdae67>@@@Z 000000018001df90 f i libucrt:winapi_thunks.obj
 0001:0001d1c8       __acrt_EnumSystemLocalesEx 000000018001e1c8 f   libucrt:winapi_thunks.obj
 0001:0001d270       __acrt_FlsAlloc            000000018001e270 f   libucrt:winapi_thunks.obj
 0001:0001d2c8       __acrt_FlsFree             000000018001e2c8 f   libucrt:winapi_thunks.obj
 0001:0001d320       __acrt_FlsGetValue         000000018001e320 f   libucrt:winapi_thunks.obj
 0001:0001d378       __acrt_FlsSetValue         000000018001e378 f   libucrt:winapi_thunks.obj
 0001:0001d3e0       __acrt_GetLocaleInfoEx     000000018001e3e0 f   libucrt:winapi_thunks.obj
 0001:0001d478       __acrt_GetUserDefaultLocaleName 000000018001e478 f   libucrt:winapi_thunks.obj
 0001:0001d4ec       __acrt_InitializeCriticalSectionEx 000000018001e4ec f   libucrt:winapi_thunks.obj
 0001:0001d564       __acrt_IsValidLocaleName   000000018001e564 f   libucrt:winapi_thunks.obj
 0001:0001d5cc       __acrt_LCIDToLocaleName    000000018001e5cc f   libucrt:winapi_thunks.obj
 0001:0001d658       __acrt_LCMapStringEx       000000018001e658 f   libucrt:winapi_thunks.obj
 0001:0001d748       __acrt_LocaleNameToLCID    000000018001e748 f   libucrt:winapi_thunks.obj
 0001:0001d7b0       __acrt_MessageBoxW         000000018001e7b0 f   libucrt:winapi_thunks.obj
 0001:0001d838       __acrt_can_show_message_box 000000018001e838 f   libucrt:winapi_thunks.obj
 0001:0001d894       __acrt_can_use_vista_locale_apis 000000018001e894 f   libucrt:winapi_thunks.obj
 0001:0001d8c4       __acrt_get_parent_window   000000018001e8c4 f   libucrt:winapi_thunks.obj
 0001:0001d954       __acrt_initialize_winapi_thunks 000000018001e954 f   libucrt:winapi_thunks.obj
 0001:0001d98c       __acrt_is_interactive      000000018001e98c f   libucrt:winapi_thunks.obj
 0001:0001da60       __acrt_is_packaged_app     000000018001ea60 f   libucrt:winapi_thunks.obj
 0001:0001dae8       __acrt_uninitialize_winapi_thunks 000000018001eae8 f   libucrt:winapi_thunks.obj
 0001:0001db2c       _fcloseall                 000000018001eb2c f   libucrt:closeall.obj
 0001:0001dbe0       __acrt_stdio_free_buffer_nolock 000000018001ebe0 f   libucrt:_freebuf.obj
 0001:0001de08       __acrt_initialize_lowio    000000018001ee08 f   libucrt:ioinit.obj
 0001:0001de44       __acrt_uninitialize_lowio  000000018001ee44 f   libucrt:ioinit.obj
 0001:0001de84       ??$?RV<lambda_46352004c1216016012b18bd6f87e700>@@AEAV<lambda_3bd07e1a1191394380780325891bf33f>@@V<lambda_334532d3f185bcaa59b5be82d7d22bff>@@@?$__crt_seh_guarded_call@X@@QEAAX$$QEAV<lambda_46352004c1216016012b18bd6f87e700>@@AEAV<lambda_3bd07e1a1191394380780325891bf33f>@@$$QEAV<lambda_334532d3f185bcaa59b5be82d7d22bff>@@@Z 000000018001ee84 f i libucrt:per_thread_data.obj
 0001:0001dee4       ??$?RV<lambda_5e887d1dcbef67a5eb4283622ba103bf>@@AEAV<lambda_4466841279450cc726390878d4a41900>@@V<lambda_341c25c0346d94847f1f3c463c57e077>@@@?$__crt_seh_guarded_call@X@@QEAAX$$QEAV<lambda_5e887d1dcbef67a5eb4283622ba103bf>@@AEAV<lambda_4466841279450cc726390878d4a41900>@@$$QEAV<lambda_341c25c0346d94847f1f3c463c57e077>@@@Z 000000018001eee4 f i libucrt:per_thread_data.obj
[...]
 0004:00002388       $pdata$fesetenv            000000018004a388     libucrt:fesetenv.obj
 0004:00002394       $pdata$feholdexcept        000000018004a394     libucrt:feholdexcept.obj
 0004:000023ac       $pdata$_wcsnicmp           000000018004a3ac     libucrt:wcsnicmp.obj
 0004:000023b8       $pdata$_wcsnicmp_l         000000018004a3b8     libucrt:wcsnicmp.obj
 0004:000023c4       $pdata$__dcrt_lowio_initialize_console_output 000000018004a3c4     libucrt:initcon.obj
 0004:000023d0       $pdata$__dcrt_terminate_console_output 000000018004a3d0     libucrt:initcon.obj
 0004:000023dc       $pdata$_clearfp            000000018004a3dc     libucrt:ieee.obj
 0004:000023e8       $pdata$common_control87    000000018004a3e8     libucrt:ieee.obj
 0004:000023f4       $pdata$__acrt_LCMapStringW 000000018004a3f4     libucrt:lcmapstringw.obj
 0004:00002400       $pdata$_log10_special      000000018004a400     libucrt:log_special.obj
 0004:0000240c       $pdata$_log_special_common 000000018004a40c     libucrt:log_special.obj
 0004:00002418       $pdata$_IsNonwritableInCurrentImage 000000018004a418     LIBCMT:pesect.obj
 0004:00002424       $pdata$strrchr             000000018004a424     libvcruntime:strrchr.obj
 0004:00002430       $pdata$wcschr              000000018004a430     libvcruntime:wcschr.obj
 0004:00002448       $pdata$?dtor$0@?0???0?$basic_ostream@DU?$char_traits@D@std@@@std@@QEAA@PEAV?$basic_streambuf@DU?$char_traits@D@std@@@1@_N@Z@4HA 000000018004a448     libcpmt:cout.obj
 0004:00002454       $pdata$?dtor$0@?0??_Getcat@?$codecvt@DDU_Mbstatet@@@std@@SA_KPEAPEBVfacet@locale@2@PEBV42@@Z@4HA 000000018004a454     libcpmt:cout.obj
 0004:00002460       $pdata$__scrt_is_nonwritable_in_current_image$filt$0 000000018004a460     LIBCMT:utility.obj
 0004:0000246c       $pdata$?fin$0@?0??dllmain_crt_process_attach@@YAHQEAUHINSTANCE__@@QEAX@Z@4HA 000000018004a46c     LIBCMT:dll_dllmain.obj
 0004:00002478       $pdata$?fin$0@?0??dllmain_crt_process_detach@@YAH_N@Z@4HA 000000018004a478     LIBCMT:dll_dllmain.obj
 0004:00002484       $pdata$?filt$0@?0??dllmain_dispatch@@YAHQEAUHINSTANCE__@@KQEAX@Z@4HA 000000018004a484     LIBCMT:dll_dllmain.obj
 0004:00002490       $pdata$__CxxCallCatchBlock$filt$0 000000018004a490     libvcruntime:frame.obj
 0004:0000249c       $pdata$__CxxCallCatchBlock$fin$1 000000018004a49c     libvcruntime:frame.obj
 0004:000024a8       $pdata$__DestructExceptionObject$filt$0 000000018004a4a8     libvcruntime:frame.obj
 0004:000024b4       $pdata$__FrameUnwindToState$filt$0 000000018004a4b4     libvcruntime:frame.obj
 0004:000024c0       $pdata$__FrameUnwindToState$fin$1 000000018004a4c0     libvcruntime:frame.obj
 0004:000024cc       $pdata$_CallSETranslator$filt$0 000000018004a4cc     libvcruntime:trnsctrl.obj
 0004:000024d8       $pdata$?fin$0@?0???$?RV<lambda_7a5ef57ff966f610505f1d28a3d40618>@@AEAV<lambda_b721fa326cdb32351d23dfa67958c160>@@V<lambda_5e0fb27672408a07956fe59e48ccb2aa>@@@?$__crt_seh_guarded_call@H@@QEAAH$$QEAV<lambda_7a5ef57ff966f610505f1d28a3d40618>@@AEAV<lambda_b721fa326cdb32351d23dfa67958c160>@@$$QEAV<lambda_5e0fb27672408a07956fe59e48ccb2aa>@@@Z@4HA 000000018004a4d8     libucrt:setvbuf.obj
 0004:000024d8       $pdata$?fin$0@?0???$?RV<lambda_5d4c3fee44080f75d5d9762853974fe0>@@AEAV<lambda_532e024f4337e6fc7ad266c2bef9f4ed>@@V<lambda_c87bdc10097eb2402edb8ba9bdf0697b>@@@?$__crt_seh_guarded_call@_K@@QEAA_K$$QEAV<lambda_5d4c3fee44080f75d5d9762853974fe0>@@AEAV<lambda_532e024f4337e6fc7ad266c2bef9f4ed>@@$$QEAV<lambda_c87bdc10097eb2402edb8ba9bdf0697b>@@@Z@4HA 000000018004a4d8     libucrt:fwrite.obj
 0004:000024d8       $pdata$?fin$0@?0???$?RV<lambda_aa279a7bcb127014629d5b1d62c7325d>@@AEAV<lambda_0a64b6a4deda75c01876f29c44fc5eb3>@@V<lambda_3323e69fbefe9d1a11713e670d47cdfa>@@@?$__crt_seh_guarded_call@H@@QEAAH$$QEAV<lambda_aa279a7bcb127014629d5b1d62c7325d>@@AEAV<lambda_0a64b6a4deda75c01876f29c44fc5eb3>@@$$QEAV<lambda_3323e69fbefe9d1a11713e670d47cdfa>@@@Z@4HA 000000018004a4d8     libucrt:output.obj
 0004:000024d8       $pdata$?fin$0@?0???$?RV<lambda_7b91131dde12e1c3dfc74ff76b3f2eac>@@AEAV<lambda_dd75445284c072d0bd3768540cc698fa>@@V<lambda_16bc4ecb55b4718497c16bceaea2ceaf>@@@?$__crt_seh_guarded_call@H@@QEAAH$$QEAV<lambda_7b91131dde12e1c3dfc74ff76b3f2eac>@@AEAV<lambda_dd75445284c072d0bd3768540cc698fa>@@$$QEAV<lambda_16bc4ecb55b4718497c16bceaea2ceaf>@@@Z@4HA 000000018004a4d8     libucrt:output.obj
 0004:000024e4       $pdata$common_flush_all$fin$0 000000018004a4e4     libucrt:fflush.obj
 0004:000024f0       $pdata$common_flush_all$fin$1 000000018004a4f0     libucrt:fflush.obj
 0004:000024fc       $pdata$fflush$fin$0        000000018004a4fc     libucrt:fflush.obj
 0004:000024fc       $pdata$fclose$fin$0        000000018004a4fc     libucrt:fclose.obj
 0004:00002508       $pdata$fgetc$fin$0         000000018004a508     libucrt:fgetc.obj
 0004:00002514       $pdata$fputc$fin$0         000000018004a514     libucrt:fputc.obj
 0004:00002520       $pdata$ungetc$fin$0        000000018004a520     libucrt:ungetc.obj
 0004:0000252c       $pdata$setlocale$fin$0     000000018004a52c     libucrt:setlocale.obj
 0004:00002538       $pdata$_query_new_handler$fin$0 000000018004a538     libucrt:new_handler.obj
 0004:00002544       $pdata$?filt$0@?0??common_exit@@YAXHW4_crt_exit_cleanup_mode@@W4_crt_exit_return_mode@@@Z@4HA 000000018004a544     libucrt:exit.obj
 0004:00002550       $pdata$?fin$1@?0??common_exit@@YAXHW4_crt_exit_cleanup_mode@@W4_crt_exit_return_mode@@@Z@4HA 000000018004a550     libucrt:exit.obj
 0004:0000255c       $pdata$?fin$0@?0???$?RV<lambda_e24bbb7b643b32fcea6fa61b31d4c984>@@AEAV<lambda_275893d493268fdec8709772e3fcec0e>@@V<lambda_9d71df4d7cf3f480f8d633942495c3b0>@@@?$__crt_seh_guarded_call@H@@QEAAH$$QEAV<lambda_e24bbb7b643b32fcea6fa61b31d4c984>@@AEAV<lambda_275893d493268fdec8709772e3fcec0e>@@$$QEAV<lambda_9d71df4d7cf3f480f8d633942495c3b0>@@@Z@4HA 000000018004a55c     libucrt:onexit.obj
 0004:00002568       $pdata$raise$fin$0         000000018004a568     libucrt:signal.obj
 0004:00002574       $pdata$_fcloseall$fin$0    000000018004a574     libucrt:closeall.obj
 0004:00002580       $pdata$?fin$0@?0???$?RV<lambda_5df02c53a8f32f81fd64e5bbb78039f1>@@AEAV<lambda_2af78c5f5901b1372d98f9ab3177dfa6>@@AEAV<lambda_f51fe5fd7c79a33db34fc9310f277369>@@@?$__crt_seh_guarded_call@X@@QEAAX$$QEAV<lambda_5df02c53a8f32f81fd64e5bbb78039f1>@@AEAV<lambda_2af78c5f5901b1372d98f9ab3177dfa6>@@AEAV<lambda_f51fe5fd7c79a33db34fc9310f277369>@@@Z@4HA 000000018004a580     libucrt:wsetlocale.obj
 0004:0000258c       $pdata$?fin$0@?0???$?RV<lambda_d67e8342c384adda8f857579ab50b2ae>@@AEAV<lambda_30712929f77e709619002f448b6a9510>@@V<lambda_4525336fd7e478d965fb7ca7a337cad8>@@@?$__crt_seh_guarded_call@X@@QEAAX$$QEAV<lambda_d67e8342c384adda8f857579ab50b2ae>@@AEAV<lambda_30712929f77e709619002f448b6a9510>@@$$QEAV<lambda_4525336fd7e478d965fb7ca7a337cad8>@@@Z@4HA 000000018004a58c     libucrt:wsetlocale.obj
 0004:0000258c       $pdata$?fin$0@?0???$?RV<lambda_5e887d1dcbef67a5eb4283622ba103bf>@@AEAV<lambda_4466841279450cc726390878d4a41900>@@V<lambda_341c25c0346d94847f1f3c463c57e077>@@@?$__crt_seh_guarded_call@X@@QEAAX$$QEAV<lambda_5e887d1dcbef67a5eb4283622ba103bf>@@AEAV<lambda_4466841279450cc726390878d4a41900>@@$$QEAV<lambda_341c25c0346d94847f1f3c463c57e077>@@@Z@4HA 000000018004a58c     libucrt:per_thread_data.obj
 0004:0000258c       $pdata$?fin$0@?0???$?RV<lambda_72d1df2b273a38828b1ce30cbf4cdab5>@@AEAV<lambda_876a65b173b8412d3a47c70a915b0cf4>@@V<lambda_41932305e351933ebe8f8be3ed8bb5dc>@@@?$__crt_seh_guarded_call@X@@QEAAX$$QEAV<lambda_72d1df2b273a38828b1ce30cbf4cdab5>@@AEAV<lambda_876a65b173b8412d3a47c70a915b0cf4>@@$$QEAV<lambda_41932305e351933ebe8f8be3ed8bb5dc>@@@Z@4HA 000000018004a58c     libucrt:per_thread_data.obj
 0004:0000258c       $pdata$?fin$0@?0???$?RV<lambda_99476a1ad63dd22509b5d3e65b0ffc95>@@AEAV<lambda_ad1ced32f4ac17aa236e5ef05d6b3b7c>@@V<lambda_f7424dd8d45958661754dc4f2697e9c3>@@@?$__crt_seh_guarded_call@X@@QEAAX$$QEAV<lambda_99476a1ad63dd22509b5d3e65b0ffc95>@@AEAV<lambda_ad1ced32f4ac17aa236e5ef05d6b3b7c>@@$$QEAV<lambda_f7424dd8d45958661754dc4f2697e9c3>@@@Z@4HA 000000018004a58c     libucrt:mbctype.obj
 0004:0000258c       $pdata$?fin$0@?0???$?RV<lambda_630b2aca97f6d20d5b5ea6529ea6b6af>@@AEAV<lambda_af91936f1d075d609f72d9d8cba980af>@@V<lambda_e82fa975f615b5c7c7b0e4d178fdae67>@@@?$__crt_seh_guarded_call@H@@QEAAH$$QEAV<lambda_630b2aca97f6d20d5b5ea6529ea6b6af>@@AEAV<lambda_af91936f1d075d609f72d9d8cba980af>@@$$QEAV<lambda_e82fa975f615b5c7c7b0e4d178fdae67>@@@Z@4HA 000000018004a58c     libucrt:winapi_thunks.obj
 0004:0000258c       $pdata$?fin$0@?0???$?RV<lambda_46352004c1216016012b18bd6f87e700>@@AEAV<lambda_3bd07e1a1191394380780325891bf33f>@@V<lambda_334532d3f185bcaa59b5be82d7d22bff>@@@?$__crt_seh_guarded_call@X@@QEAAX$$QEAV<lambda_46352004c1216016012b18bd6f87e700>@@AEAV<lambda_3bd07e1a1191394380780325891bf33f>@@$$QEAV<lambda_334532d3f185bcaa59b5be82d7d22bff>@@@Z@4HA 000000018004a58c     libucrt:per_thread_data.obj
 0004:0000258c       $pdata$?fin$0@?0???$?RV<lambda_fb3a7dec4e47f37f22dae91bb15c9095>@@AEAV<lambda_698284760c8add0bfb0756c19673e34b>@@V<lambda_dfb8eca1e75fef3034a8fb18dd509707>@@@?$__crt_seh_guarded_call@X@@QEAAX$$QEAV<lambda_fb3a7dec4e47f37f22dae91bb15c9095>@@AEAV<lambda_698284760c8add0bfb0756c19673e34b>@@$$QEAV<lambda_dfb8eca1e75fef3034a8fb18dd509707>@@@Z@4HA 000000018004a58c     libucrt:per_thread_data.obj
 0004:0000258c       $pdata$?fin$0@?0???$?RV<lambda_c36588078e9f5dfd39652860aa6b3aaf>@@AEAV<lambda_ec61778202f4f5fc7e7711acc23c3bca>@@V<lambda_dc9d2797ccde5d239b4a0efae8ebd7db>@@@?$__crt_seh_guarded_call@P6AXH@Z@@QEAAP6AXH@Z$$QEAV<lambda_c36588078e9f5dfd39652860aa6b3aaf>@@AEAV<lambda_ec61778202f4f5fc7e7711acc23c3bca>@@$$QEAV<lambda_dc9d2797ccde5d239b4a0efae8ebd7db>@@@Z@4HA 000000018004a58c     libucrt:signal.obj
 0004:0000258c       $pdata$?fin$0@?0???$?RV<lambda_b8c45f8f788dd370798f47cfe8ac3a86>@@AEAV<lambda_4e60a939b0d047cfe11ddc22648dfba9>@@V<lambda_332c3edc96d0294ec56c57d38c1cdfd5>@@@?$__crt_seh_guarded_call@H@@QEAAH$$QEAV<lambda_b8c45f8f788dd370798f47cfe8ac3a86>@@AEAV<lambda_4e60a939b0d047cfe11ddc22648dfba9>@@$$QEAV<lambda_332c3edc96d0294ec56c57d38c1cdfd5>@@@Z@4HA 000000018004a58c     libucrt:onexit.obj
 0004:00002598       $pdata$common_control87$filt$0 000000018004a598     libucrt:ieee.obj
 0004:00002598       $pdata$_ctrlfp$filt$0      000000018004a598     libucrt:fpctrl.obj
 0004:000025a4       $pdata$?fin$0@?0???$?RV<lambda_bfedae4ebbf01fab1bb6dcc6a9e276e0>@@AEAV<lambda_2fe9b910cf3cbf4a0ab98a02ba45b3ec>@@V<lambda_237c231691f317818eb88cc1d5d642d6>@@@?$__crt_seh_guarded_call@H@@QEAAH$$QEAV<lambda_bfedae4ebbf01fab1bb6dcc6a9e276e0>@@AEAV<lambda_2fe9b910cf3cbf4a0ab98a02ba45b3ec>@@$$QEAV<lambda_237c231691f317818eb88cc1d5d642d6>@@@Z@4HA 000000018004a5a4     libucrt:close.obj
 0004:000025a4       $pdata$?fin$0@?0???$?RV<lambda_b521505b218e5242e90febf6bfebc422>@@AEAV<lambda_6978c1fb23f02e42e1d9e99668cc68aa>@@V<lambda_314360699dd331753a4119843814e9a7>@@@?$__crt_seh_guarded_call@H@@QEAAH$$QEAV<lambda_b521505b218e5242e90febf6bfebc422>@@AEAV<lambda_6978c1fb23f02e42e1d9e99668cc68aa>@@$$QEAV<lambda_314360699dd331753a4119843814e9a7>@@@Z@4HA 000000018004a5a4     libucrt:commit.obj
 0004:000025b0       $pdata$?fin$0@?0???$common_ftell@_J@@YA_JV__crt_stdio_stream@@@Z@4HA 000000018004a5b0     libucrt:ftell.obj
 0004:000025b0       $pdata$?fin$0@?0??common_fseek@@YAHV__crt_stdio_stream@@_JH@Z@4HA 000000018004a5b0     libucrt:fseek.obj
 0004:000025bc       $pdata$?fin$0@?0???$common_lseek@_J@@YA_JH_JH@Z@4HA 000000018004a5bc     libucrt:lseek.obj
 0004:000025bc       $pdata$_write$fin$0        000000018004a5bc     libucrt:write.obj
 0004:000025bc       $pdata$_read$fin$0         000000018004a5bc     libucrt:read.obj
 0004:000025c8       $pdata$__acrt_update_thread_multibyte_data$fin$0 000000018004a5c8     libucrt:mbctype.obj
 0004:000025d4       $pdata$__acrt_initialize_lowio$fin$0 000000018004a5d4     libucrt:ioinit.obj
 0004:000025d4       $pdata$__acrt_lowio_ensure_fh_exists$fin$0 000000018004a5d4     libucrt:osfinfo.obj
 0004:000025e0       $pdata$__acrt_update_thread_locale_data$fin$0 000000018004a5e0     libucrt:locale_refcounting.obj
 0004:000025e0       $pdata$__acrt_uninitialize_locale$fin$0 000000018004a5e0     libucrt:wsetlocale.obj
 0004:000025ec       $pdata$_IsNonwritableInCurrentImage$filt$0 000000018004a5ec     LIBCMT:pesect.obj
 0004:000025f8       $pdata$??__Fcout@std@@YAXXZ 000000018004a5f8     libcpmt:cout.obj
 0004:00002604       $pdata$??__F_Fac_tidy_reg@std@@YAXXZ 000000018004a604     libcpmt:locale0.obj
 0004:00002610       $pdata$??__Fclassic_locale@std@@YAXXZ 000000018004a610     libcpmt:locale0.obj
 0004:0000261c       $pdata$??__Finit_atexit@@YAXXZ 000000018004a61c     libcpmt:iosptrs.obj
 0005:00000000       __guard_fids__             000000018004b000     libucrt:initialization.obj
 0005:00000060       __guard_fids__             000000018004b060     libucrt:stdio_initializer.obj
 0005:00000064       __guard_fids__             000000018004b064     libucrt:stdio_initializer.obj
 0005:00000068       __guard_fids_??$?RV<lambda_630b2aca97f6d20d5b5ea6529ea6b6af>@@AEAV<lambda_af91936f1d075d609f72d9d8cba980af>@@V<lambda_e82fa975f615b5c7c7b0e4d178fdae67>@@@?$__crt_seh_guarded_call@H@@QEAAH$$QEAV<lambda_630b2aca97f6d20d5b5ea6529ea6b6af>@@AEAV<lambda_af91936f1d075d609f72d9d8cba980af>@@$$QEAV<lambda_e82fa975f615b5c7c7b0e4d178fdae67>@@@Z 000000018004b068     libucrt:winapi_thunks.obj
 0005:0000006c       __guard_fids___acrt_initialize_ptd 000000018004b06c     libucrt:per_thread_data.obj
 0005:00000070       __guard_fids__             000000018004b070     libucrt:wsetlocale.obj
 0005:00000088       __guard_fids___acrt_show_wide_message_box 000000018004b088     libucrt:crtmbox.obj
 0005:0000008c       __guard_fids_??$expand_argument_wildcards@D@@YAHQEAD0AEAV?$argument_list@D@?A0xca0879c4@@@Z 000000018004b08c     libucrt:argv_wildcards.obj
 0005:00000090       __guard_fids__             000000018004b090     libucrt:locale_initializer.obj
 0005:00000094       __guard_fids_GetLocaleNameFromLangCountry 000000018004b094     libucrt:get_qualified_locale.obj
 0005:00000098       __guard_fids_GetLocaleNameFromLanguage 000000018004b098     libucrt:get_qualified_locale.obj
 0005:0000009c       __guard_fids___acrt_get_qualified_locale_downlevel 000000018004b09c     libucrt:getqloc_downlevel.obj
 0005:000000a0       __guard_fids_GetLcidFromLangCountry 000000018004b0a0     libucrt:getqloc_downlevel.obj
 0005:000000a4       __guard_fids_GetLcidFromLanguage 000000018004b0a4     libucrt:getqloc_downlevel.obj
 0005:000000a8       __guard_fids__             000000018004b0a8     libucrt:fma3_initializer.obj
 0005:000000ac       __guard_fids__             000000018004b0ac     libucrt:timeset_initializer.obj
 0005:000000b0       __guard_fids__             000000018004b0b0     libucrt:multibyte_initializer.obj
 0005:000000b4       __guard_fids__             000000018004b0b4     libucrt:console_output_initializer.obj
 0005:000000b8       __guard_fids_??__Einitlocks@std@@YAXXZ 000000018004b0b8     libcpmt:xlock.obj
 0005:000000bc       __guard_fids__             000000018004b0bc     libcpmt:xlock.obj
 0005:000000c0       __guard_fids_??__Einitlocks@@YAXXZ 000000018004b0c0     libcpmt:cout.obj
 0005:000000c4       __guard_fids_??__Efout@std@@YAXXZ 000000018004b0c4     libcpmt:cout.obj
 0005:000000c8       __guard_fids_??__Ecout@std@@YAXXZ 000000018004b0c8     libcpmt:cout.obj
 0005:000000cc       __guard_fids__             000000018004b0cc     libcpmt:cout.obj
 0005:000000d4       __guard_fids__             000000018004b0d4     libcpmt:cout.obj
 0005:000000dc       __guard_fids__             000000018004b0dc     libcpmt:cout.obj
 0005:000000e4       __guard_fids__             000000018004b0e4     libcpmt:cout.obj
 0005:000000f0       __guard_fids__             000000018004b0f0     libcpmt:cout.obj
 0005:0000011c       __guard_fids__             000000018004b11c     libcpmt:cout.obj
 0005:00000134       __guard_fids__             000000018004b134     libcpmt:cout.obj
 0005:0000013c       __guard_fids__             000000018004b13c     libcpmt:cout.obj
 0005:00000154       __guard_fids__             000000018004b154     libcpmt:cout.obj
 0005:0000015c       __guard_fids__             000000018004b15c     libcpmt:cout.obj
 0005:00000160       __guard_fids__             000000018004b160     libcpmt:cout.obj
 0005:0000019c       __guard_fids__             000000018004b19c     libcpmt:cout.obj
 0005:000001d8       __guard_fids__             000000018004b1d8     libcpmt:cout.obj
 0005:000001dc       __guard_fids__             000000018004b1dc     libcpmt:cout.obj
 0005:000001e0       __guard_fids__             000000018004b1e0     libcpmt:cout.obj
 0005:00000208       __guard_fids__             000000018004b208     libcpmt:cout.obj
 0005:0000020c       __guard_fids__             000000018004b20c     libcpmt:cout.obj
 0005:00000210       __guard_fids__             000000018004b210     libcpmt:cout.obj
 0005:00000214       __guard_fids__             000000018004b214     libcpmt:cout.obj
 0005:00000218       __guard_fids_??__E_Fac_tidy_reg@std@@YAXXZ 000000018004b218     libcpmt:locale0.obj
 0005:0000021c       __guard_fids_?_Setgloballocale@locale@std@@CAXPEAX@Z 000000018004b21c     libcpmt:locale0.obj
 0005:00000220       __guard_fids_??__Eclassic_locale@std@@YAXXZ 000000018004b220     libcpmt:locale0.obj
 0005:00000224       __guard_fids__             000000018004b224     libcpmt:locale0.obj
 0005:00000230       __guard_fids__             000000018004b230     libcpmt:locale0.obj
 0005:00000234       __guard_fids__             000000018004b234     libcpmt:locale0.obj
 0005:00000238       __guard_fids__             000000018004b238     libcpmt:xthrow.obj
 0005:00000240       __guard_fids__             000000018004b240     libcpmt:xthrow.obj
 0005:00000248       __guard_fids__             000000018004b248     libcpmt:xthrow.obj
 0005:00000250       __guard_fids__             000000018004b250     libcpmt:xthrow.obj
 0005:00000258       __guard_fids_??__Einitlocks@std@@YAXXZ 000000018004b258     libcpmt:iosptrs.obj
 0005:0000025c       __guard_fids_??__Einit_atexit@@YAXXZ 000000018004b25c     libcpmt:iosptrs.obj
 0005:00000260       __guard_fids__             000000018004b260     libcpmt:iosptrs.obj
 0005:00000264       __guard_fids__             000000018004b264     libcpmt:iosptrs.obj
 0005:00000268       __guard_fids__             000000018004b268     libcpmt:locale.obj
 0005:00000294       __guard_fids__             000000018004b294     libcpmt:locale.obj
 0005:000002b4       __guard_fids__             000000018004b2b4     libcpmt:winapisupp.obj
 0005:000002b8       __guard_fids__             000000018004b2b8     LIBCMT:thread_safe_statics.obj
 0005:000002bc       __guard_fids_?__scrt_initialize_thread_safe_statics@@YAHXZ 000000018004b2bc     LIBCMT:thread_safe_statics.obj
 0005:000002c0       __guard_fids_?dllmain_crt_process_attach@@YAHQEAUHINSTANCE__@@QEAX@Z 000000018004b2c0     LIBCMT:dll_dllmain.obj
 0005:000002c8       __guard_fids_?dllmain_dispatch@@YAHQEAUHINSTANCE__@@KQEAX@Z 000000018004b2c8     LIBCMT:dll_dllmain.obj
 0005:000002cc       __guard_fids__             000000018004b2cc     LIBCMT:std_type_info_static.obj
 0005:000002d0       __guard_fids__             000000018004b2d0     LIBCMT:throw_bad_alloc.obj
 0005:000002d8       __guard_fids__             000000018004b2d8     LIBCMT:guard_support.obj
 0005:000002dc       __guard_fids__             000000018004b2dc     libvcruntime:frame.obj
 0005:000002e0       __guard_fids__             000000018004b2e0     libvcruntime:frame.obj
 0005:000002e8       __guard_fids__UnwindNestedFrames 000000018004b2e8     libvcruntime:trnsctrl.obj
 0005:000002ec       __guard_fids___vcrt_initialize_ptd 000000018004b2ec     libvcruntime:per_thread_data.obj
 0007:00000060       $R000000                   000000018004d060     * linker generated manifest res *

 Exports

  ordinal    name

        1    _register_drawer_
